Archive member included to satisfy reference by file (symbol)

c:/devkitpro/devkitarm/bin/../lib/gcc/arm-none-eabi/5.3.0/thumb\libgcc.a(_udivsi3.o)
                              main.o (__aeabi_uidiv)
c:/devkitpro/devkitarm/bin/../lib/gcc/arm-none-eabi/5.3.0/thumb\libgcc.a(_divsi3.o)
                              gba_math.o (__aeabi_idiv)
c:/devkitpro/devkitarm/bin/../lib/gcc/arm-none-eabi/5.3.0/thumb\libgcc.a(_dvmd_tls.o)
                              c:/devkitpro/devkitarm/bin/../lib/gcc/arm-none-eabi/5.3.0/thumb\libgcc.a(_udivsi3.o) (__aeabi_idiv0)
c:/devkitpro/devkitarm/bin/../lib/gcc/arm-none-eabi/5.3.0/thumb\libgcc.a(_arm_addsubsf3.o)
                              gba_math.o (__aeabi_i2f)
c:/devkitpro/devkitarm/bin/../lib/gcc/arm-none-eabi/5.3.0/thumb\libgcc.a(_arm_muldivsf3.o)
                              gba_math.o (__aeabi_fmul)
c:/devkitpro/devkitarm/bin/../lib/gcc/arm-none-eabi/5.3.0/thumb\libgcc.a(_arm_fixsfsi.o)
                              gba_math.o (__aeabi_f2iz)
c:/devkitpro/devkitarm/bin/../lib/gcc/arm-none-eabi/5.3.0/../../../../arm-none-eabi/lib/thumb\libg.a(lib_a-init.o)
                              c:/devkitpro/devkitarm/bin/../lib/gcc/arm-none-eabi/5.3.0/../../../../arm-none-eabi/lib/thumb/gba_crt0.o (__libc_init_array)
c:/devkitpro/devkitarm/bin/../lib/gcc/arm-none-eabi/5.3.0/../../../../arm-none-eabi/lib/thumb\libg.a(lib_a-memcpy.o)
                              main.o (memcpy)
c:/devkitpro/devkitarm/bin/../lib/gcc/arm-none-eabi/5.3.0/../../../../arm-none-eabi/lib/thumb\libsysbase.a(malloc_vars.o)
                              c:/devkitpro/devkitarm/bin/../lib/gcc/arm-none-eabi/5.3.0/../../../../arm-none-eabi/lib/thumb/gba_crt0.o (fake_heap_end)

Discarded input sections

 .text          0x00000000        0x0 c:/devkitpro/devkitarm/bin/../lib/gcc/arm-none-eabi/5.3.0/../../../../arm-none-eabi/lib/thumb/gba_crt0.o
 .data          0x00000000        0x0 c:/devkitpro/devkitarm/bin/../lib/gcc/arm-none-eabi/5.3.0/../../../../arm-none-eabi/lib/thumb/gba_crt0.o
 .bss           0x00000000        0x0 c:/devkitpro/devkitarm/bin/../lib/gcc/arm-none-eabi/5.3.0/../../../../arm-none-eabi/lib/thumb/gba_crt0.o
 .text          0x00000000        0x0 c:/devkitpro/devkitarm/bin/../lib/gcc/arm-none-eabi/5.3.0/thumb/crti.o
 .data          0x00000000        0x0 c:/devkitpro/devkitarm/bin/../lib/gcc/arm-none-eabi/5.3.0/thumb/crti.o
 .bss           0x00000000        0x0 c:/devkitpro/devkitarm/bin/../lib/gcc/arm-none-eabi/5.3.0/thumb/crti.o
 .data          0x00000000        0x4 c:/devkitpro/devkitarm/bin/../lib/gcc/arm-none-eabi/5.3.0/thumb/crtbegin.o
 .text          0x00000000        0x0 enemy.o
 .data          0x00000000        0x0 enemy.o
 .bss           0x00000000        0x0 enemy.o
 .group         0x00000000        0x8 main.o
 .group         0x00000000        0x8 main.o
 .group         0x00000000        0x8 main.o
 .data          0x00000000        0x0 main.o
 .bss           0x00000000        0x0 main.o
 .text          0x00000000        0x0 backgroundSprites.o
 .data          0x00000000        0x0 backgroundSprites.o
 .bss           0x00000000        0x0 backgroundSprites.o
 .text          0x00000000        0x0 coin.o
 .data          0x00000000        0x0 coin.o
 .bss           0x00000000        0x0 coin.o
 .data          0x00000000        0x0 gba_directMemoryAccess.o
 .bss           0x00000000        0x0 gba_directMemoryAccess.o
 .text          0x00000000      0x170 gba_drawing.o
 .data          0x00000000        0x0 gba_drawing.o
 .bss           0x00000000        0x0 gba_drawing.o
 .bss           0x00000000      0x400 gba_graphics.o
 .rodata        0x00000000        0x4 gba_graphics.o
 .data          0x00000000        0x0 gba_input.o
 .data          0x00000000        0x0 gba_math.o
 .bss           0x00000000        0x0 gba_math.o
 .bss           0x00000000        0x0 gba_mathUtility.o
 .data          0x00000000        0x0 gba_timers.o
 .bss           0x00000000        0x0 gba_timers.o
 .text          0x00000000        0x0 koopa.o
 .data          0x00000000        0x0 koopa.o
 .bss           0x00000000        0x0 koopa.o
 .text          0x00000000        0x0 mario.o
 .data          0x00000000        0x0 mario.o
 .bss           0x00000000        0x0 mario.o
 .text          0x00000000        0x0 particles.o
 .data          0x00000000        0x0 particles.o
 .bss           0x00000000        0x0 particles.o
 .rodata        0x00000000      0x220 particles.o
 .text          0x00000000        0x0 sinlut.o
 .data          0x00000000        0x0 sinlut.o
 .bss           0x00000000        0x0 sinlut.o
 .text          0x00000000        0x0 smoke.o
 .data          0x00000000        0x0 smoke.o
 .bss           0x00000000        0x0 smoke.o
 .text          0x00000000        0x0 splash.o
 .data          0x00000000        0x0 splash.o
 .bss           0x00000000        0x0 splash.o
 .text          0x00000000        0x0 text.o
 .data          0x00000000        0x0 text.o
 .bss           0x00000000        0x0 text.o
 .text          0x00000000        0x0 titleSplash.o
 .data          0x00000000        0x0 titleSplash.o
 .bss           0x00000000        0x0 titleSplash.o
 .data          0x00000000        0x0 c:/devkitpro/devkitarm/bin/../lib/gcc/arm-none-eabi/5.3.0/thumb\libgcc.a(_udivsi3.o)
 .bss           0x00000000        0x0 c:/devkitpro/devkitarm/bin/../lib/gcc/arm-none-eabi/5.3.0/thumb\libgcc.a(_udivsi3.o)
 .data          0x00000000        0x0 c:/devkitpro/devkitarm/bin/../lib/gcc/arm-none-eabi/5.3.0/thumb\libgcc.a(_divsi3.o)
 .bss           0x00000000        0x0 c:/devkitpro/devkitarm/bin/../lib/gcc/arm-none-eabi/5.3.0/thumb\libgcc.a(_divsi3.o)
 .data          0x00000000        0x0 c:/devkitpro/devkitarm/bin/../lib/gcc/arm-none-eabi/5.3.0/thumb\libgcc.a(_dvmd_tls.o)
 .bss           0x00000000        0x0 c:/devkitpro/devkitarm/bin/../lib/gcc/arm-none-eabi/5.3.0/thumb\libgcc.a(_dvmd_tls.o)
 .data          0x00000000        0x0 c:/devkitpro/devkitarm/bin/../lib/gcc/arm-none-eabi/5.3.0/thumb\libgcc.a(_arm_addsubsf3.o)
 .bss           0x00000000        0x0 c:/devkitpro/devkitarm/bin/../lib/gcc/arm-none-eabi/5.3.0/thumb\libgcc.a(_arm_addsubsf3.o)
 .data          0x00000000        0x0 c:/devkitpro/devkitarm/bin/../lib/gcc/arm-none-eabi/5.3.0/thumb\libgcc.a(_arm_muldivsf3.o)
 .bss           0x00000000        0x0 c:/devkitpro/devkitarm/bin/../lib/gcc/arm-none-eabi/5.3.0/thumb\libgcc.a(_arm_muldivsf3.o)
 .data          0x00000000        0x0 c:/devkitpro/devkitarm/bin/../lib/gcc/arm-none-eabi/5.3.0/thumb\libgcc.a(_arm_fixsfsi.o)
 .bss           0x00000000        0x0 c:/devkitpro/devkitarm/bin/../lib/gcc/arm-none-eabi/5.3.0/thumb\libgcc.a(_arm_fixsfsi.o)
 .text          0x00000000        0x0 c:/devkitpro/devkitarm/bin/../lib/gcc/arm-none-eabi/5.3.0/../../../../arm-none-eabi/lib/thumb\libg.a(lib_a-init.o)
 .data          0x00000000        0x0 c:/devkitpro/devkitarm/bin/../lib/gcc/arm-none-eabi/5.3.0/../../../../arm-none-eabi/lib/thumb\libg.a(lib_a-init.o)
 .bss           0x00000000        0x0 c:/devkitpro/devkitarm/bin/../lib/gcc/arm-none-eabi/5.3.0/../../../../arm-none-eabi/lib/thumb\libg.a(lib_a-init.o)
 .text          0x00000000        0x0 c:/devkitpro/devkitarm/bin/../lib/gcc/arm-none-eabi/5.3.0/../../../../arm-none-eabi/lib/thumb\libg.a(lib_a-memcpy.o)
 .data          0x00000000        0x0 c:/devkitpro/devkitarm/bin/../lib/gcc/arm-none-eabi/5.3.0/../../../../arm-none-eabi/lib/thumb\libg.a(lib_a-memcpy.o)
 .bss           0x00000000        0x0 c:/devkitpro/devkitarm/bin/../lib/gcc/arm-none-eabi/5.3.0/../../../../arm-none-eabi/lib/thumb\libg.a(lib_a-memcpy.o)
 .text          0x00000000        0x0 c:/devkitpro/devkitarm/bin/../lib/gcc/arm-none-eabi/5.3.0/../../../../arm-none-eabi/lib/thumb\libsysbase.a(malloc_vars.o)
 .data          0x00000000        0x0 c:/devkitpro/devkitarm/bin/../lib/gcc/arm-none-eabi/5.3.0/../../../../arm-none-eabi/lib/thumb\libsysbase.a(malloc_vars.o)
 .text          0x00000000        0x0 c:/devkitpro/devkitarm/bin/../lib/gcc/arm-none-eabi/5.3.0/thumb/crtend.o
 .data          0x00000000        0x0 c:/devkitpro/devkitarm/bin/../lib/gcc/arm-none-eabi/5.3.0/thumb/crtend.o
 .bss           0x00000000        0x0 c:/devkitpro/devkitarm/bin/../lib/gcc/arm-none-eabi/5.3.0/thumb/crtend.o
 .text          0x00000000        0x0 c:/devkitpro/devkitarm/bin/../lib/gcc/arm-none-eabi/5.3.0/thumb/crtn.o
 .data          0x00000000        0x0 c:/devkitpro/devkitarm/bin/../lib/gcc/arm-none-eabi/5.3.0/thumb/crtn.o
 .bss           0x00000000        0x0 c:/devkitpro/devkitarm/bin/../lib/gcc/arm-none-eabi/5.3.0/thumb/crtn.o

Memory Configuration

Name             Origin             Length             Attributes
rom              0x08000000         0x02000000
iwram            0x03000000         0x00008000
ewram            0x02000000         0x00040000
*default*        0x00000000         0xffffffff

Linker script and memory map

                0x08000000                __text_start = ORIGIN (rom)
                0x02040000                __eheap_end = (ORIGIN (ewram) + 0x40000)
                0x03000000                __iwram_start = ORIGIN (iwram)
                0x03008000                __iwram_top = (ORIGIN (iwram) + 0x8000)
                0x03007fa0                __sp_irq = (__iwram_top - 0x60)
                0x03007f00                __sp_usr = (__sp_irq - 0xa0)
                0x03007ff8                __irq_flags = 0x3007ff8
                0x08000000                . = __text_start

.init           0x08000000      0x21c
 *(.init)
 .init          0x08000000      0x210 c:/devkitpro/devkitarm/bin/../lib/gcc/arm-none-eabi/5.3.0/../../../../arm-none-eabi/lib/thumb/gba_crt0.o
                0x08000000                _start
                0x080000c4                __boot_method
                0x080000c5                __slave_number
                0x080000e0                start_vector
 .init          0x08000210        0x4 c:/devkitpro/devkitarm/bin/../lib/gcc/arm-none-eabi/5.3.0/thumb/crti.o
                0x08000210                _init
 .init          0x08000214        0x8 c:/devkitpro/devkitarm/bin/../lib/gcc/arm-none-eabi/5.3.0/thumb/crtn.o
                0x0800021c                . = ALIGN (0x4)

.plt            0x0800021c        0x0
 *(.plt)
                0x0800021c                . = ALIGN (0x4)

.text           0x08000220     0x41b0
 *(EXCLUDE_FILE(*.iwram*) .text)
 .text          0x08000220       0xd4 c:/devkitpro/devkitarm/bin/../lib/gcc/arm-none-eabi/5.3.0/thumb/crtbegin.o
 .text          0x080002f4      0x4a0 main.o
                0x080002f4                SetupSprites()
                0x08000308                SplashScreenLoad()
                0x0800034c                LoadGameBackground()
                0x0800051c                UnloadGameBackground()
                0x0800055c                ParticleInitialization(Particle&, Emitter&)
                0x08000574                JumpParticleEmit(Particle&, Emitter&)
                0x080005ac                UpdateParticleContinuous(Particle&, Emitter&, long, long, long)
                0x08000648                UpdateJumpParticleOneShot(Particle&, Emitter&, long, long, long)
                0x080006d0                UpdateCoinParticleOneShot(Particle&, Emitter&, long, long, long)
                0x08000768                CoinParticleEmit(Particle&, Emitter&)
 .text          0x08000794       0x8c gba_directMemoryAccess.o
                0x08000794                DirectMemoryAccessCopy
                0x080007b0                DirectMemoryAccessFill
                0x080007d8                DirectMemoryAccessWordCopy
                0x080007f8                DirectMemoryAccessWordFill
 .text          0x08000820      0x288 gba_graphics.o
                0x08000820                VerticalSync
                0x08000838                PageFlip
                0x08000858                PaletteBackgroundBlockAddress
                0x08000864                PaletteSpriteBlockAddress
                0x08000874                TileBlockAddress
                0x08000880                TileMapBlockAddress
                0x0800088c                SetBackgroundControlRegister
                0x08000900                SetScreenEntry
                0x08000914                SpriteTileBlockAddress
                0x08000924                SetAttribute0
                0x08000958                SetAttribute1
                0x0800096c                SetAttribute1AffineIndex
                0x08000984                SetAttribute2
                0x08000998                SetObjectPosition
                0x080009b4                ObjectHide
                0x080009c8                ObjectUnhide
                0x080009d8                ObjectAttributeMemoryInitialize
                0x08000a28                ObjectAttributeMemoryCopy
                0x08000a4c                ObjectAffineIdentity
                0x08000a64                ObjectAffineRotationScale
 .text          0x08000aa8       0xc0 gba_input.o
                0x08000aa8                PollKeys
                0x08000ac4                CurrentKeyState
                0x08000ad0                PreviousKeyState
                0x08000adc                KeyDown
                0x08000ae8                KeyUp
                0x08000af4                KeyHeld
                0x08000b04                KeyReleased
                0x08000b14                KeyHit
                0x08000b24                KeyStateChange
                0x08000b34                GetAxis
 .text          0x08000b68       0x88 gba_math.o
                0x08000b68                IntegerToFixed
                0x08000b6c                FloatToFixed
                0x08000b80                FixedToUnsignedInteger
                0x08000b84                FixedToUnsignedFractionalComponent
                0x08000b8c                FixedToInteger
                0x08000b98                FixedToFloat
                0x08000bac                FixedAddition
                0x08000bb0                FixedSubtraction
                0x08000bb4                FixedMultiply
                0x08000bbc                FixedDivide
                0x08000bcc                LookUpSin
                0x08000bdc                LookUpCos
 .text          0x08000bf0       0x80 gba_mathUtility.o
                0x08000bf0                SeedQuasiRandom
                0x08000c00                QuasiRandom
                0x08000c24                QuasiRandomRange
                0x08000c58                Sign
                0x08000c64                Absolute
                0x08000c6c                DelayNoTimer
 .text          0x08000c70       0x94 gba_timers.o
                0x08000c70                TimerEnable
                0x08000c74                TimerDisable
                0x08000c78                TimerPause
                0x08000c7c                TimerUnpause
                0x08000c80                Delay
                0x08000cb4                StopDelay
                0x08000cc8                Sleep
 .text          0x08000d04      0x11c c:/devkitpro/devkitarm/bin/../lib/gcc/arm-none-eabi/5.3.0/thumb\libgcc.a(_udivsi3.o)
                0x08000d04                __aeabi_uidiv
                0x08000d04                __udivsi3
                0x08000e00                __aeabi_uidivmod
 .text          0x08000e20      0x150 c:/devkitpro/devkitarm/bin/../lib/gcc/arm-none-eabi/5.3.0/thumb\libgcc.a(_divsi3.o)
                0x08000e20                __divsi3
                0x08000e20                __aeabi_idiv
                0x08000f50                __aeabi_idivmod
 .text          0x08000f70        0x4 c:/devkitpro/devkitarm/bin/../lib/gcc/arm-none-eabi/5.3.0/thumb\libgcc.a(_dvmd_tls.o)
                0x08000f70                __aeabi_idiv0
                0x08000f70                __aeabi_ldiv0
 .text          0x08000f74      0x2ac c:/devkitpro/devkitarm/bin/../lib/gcc/arm-none-eabi/5.3.0/thumb\libgcc.a(_arm_addsubsf3.o)
                0x08000f74                __aeabi_frsub
                0x08000f7c                __subsf3
                0x08000f7c                __aeabi_fsub
                0x08000f80                __aeabi_fadd
                0x08000f80                __addsf3
                0x0800113c                __aeabi_ui2f
                0x0800113c                __floatunsisf
                0x08001144                __aeabi_i2f
                0x08001144                __floatsisf
                0x08001164                __aeabi_ul2f
                0x08001164                __floatundisf
                0x08001174                __aeabi_l2f
                0x08001174                __floatdisf
 .text          0x08001220      0x2f8 c:/devkitpro/devkitarm/bin/../lib/gcc/arm-none-eabi/5.3.0/thumb\libgcc.a(_arm_muldivsf3.o)
                0x08001220                __mulsf3
                0x08001220                __aeabi_fmul
                0x080013b8                __aeabi_fdiv
                0x080013b8                __divsf3
 .text          0x08001518       0x5c c:/devkitpro/devkitarm/bin/../lib/gcc/arm-none-eabi/5.3.0/thumb\libgcc.a(_arm_fixsfsi.o)
                0x08001518                __aeabi_f2iz
                0x08001518                __fixsfsi
 *(.text .stub .text.* .gnu.linkonce.t.*)
 .text._ZN5Enemy19EnemyInitializationER13SpriteManager6Player
                0x08001574      0x120 main.o
                0x08001574                Enemy::EnemyInitialization(SpriteManager&, Player)
 .text._ZN5Enemy11EnemyUpdateER6Player
                0x08001694      0x530 main.o
                0x08001694                Enemy::EnemyUpdate(Player&)
 .text._ZN4Text8DrawTextEPchhR13SpriteManagerh
                0x08001bc4       0xc0 main.o
                0x08001bc4                Text::DrawText(char*, unsigned char, unsigned char, SpriteManager&, unsigned char)
 .text.startup  0x08001c84     0x2630 main.o
                0x08001c84                main
 .text.__libc_init_array
                0x080042b4       0x58 c:/devkitpro/devkitarm/bin/../lib/gcc/arm-none-eabi/5.3.0/../../../../arm-none-eabi/lib/thumb\libg.a(lib_a-init.o)
                0x080042b4                __libc_init_array
 .text.memcpy   0x0800430c       0x80 c:/devkitpro/devkitarm/bin/../lib/gcc/arm-none-eabi/5.3.0/../../../../arm-none-eabi/lib/thumb\libg.a(lib_a-memcpy.o)
                0x0800430c                memcpy
 *fill*         0x0800438c        0x4 ff
 .text.memcpy.__stub
                0x08004390       0x3c linker stubs
 *(.text.*personality*)
 *(.gnu.warning)
 *(.glue_7t)
 .glue_7t       0x080043d0        0x0 linker stubs
 *(.glue_7)
 .glue_7        0x080043d0        0x0 linker stubs
 *(.vfp11_veneer)
 .vfp11_veneer  0x080043d0        0x0 linker stubs
                0x080043d0                . = ALIGN (0x4)
                0x080043d0                __text_end = .

.v4_bx          0x080043d0        0x0
 .v4_bx         0x080043d0        0x0 linker stubs

.iplt           0x080043d0        0x0
 .iplt          0x080043d0        0x0 c:/devkitpro/devkitarm/bin/../lib/gcc/arm-none-eabi/5.3.0/../../../../arm-none-eabi/lib/thumb/gba_crt0.o

.fini           0x080043d0        0xc
 *(.fini)
 .fini          0x080043d0        0x4 c:/devkitpro/devkitarm/bin/../lib/gcc/arm-none-eabi/5.3.0/thumb/crti.o
                0x080043d0                _fini
 .fini          0x080043d4        0x8 c:/devkitpro/devkitarm/bin/../lib/gcc/arm-none-eabi/5.3.0/thumb/crtn.o
                0x080043dc                . = ALIGN (0x4)

.rodata         0x080043dc    0x14c48
 *(.rodata)
 .rodata        0x080043dc     0x50a8 main.o
 .rodata        0x08009484     0x11a0 backgroundSprites.o
                0x08009484                backgroundSpritesPal
                0x080094a4                backgroundSpritesTiles
 .rodata        0x0800a624      0x120 coin.o
                0x0800a624                coinPal
                0x0800a644                coinTiles
 .rodata        0x0800a744      0x220 koopa.o
                0x0800a744                koopaPal
                0x0800a764                koopaTiles
 .rodata        0x0800a964      0x340 mario.o
                0x0800a964                luigiPal
                0x0800a984                marioPal
                0x0800a9a4                marioTiles
 .rodata        0x0800aca4      0x400 sinlut.o
                0x0800aca4                sin_lut
 .rodata        0x0800b0a4      0x220 smoke.o
                0x0800b0a4                smokePal
                0x0800b0c4                smokeTiles
 .rodata        0x0800b2c4     0x9800 splash.o
                0x0800b2c4                splashPal
                0x0800b4c4                splashBitmap
 .rodata        0x08014ac4      0x540 text.o
                0x08014ac4                textAlternatePal
                0x08014ae4                textPal
                0x08014b04                textTiles
 .rodata        0x08015004     0x4020 titleSplash.o
                0x08015004                titleSplashPal
                0x08015024                titleSplashTiles
 *all.rodata*(*)
 *(.roda)
 *(.rodata.*)
 *(.gnu.linkonce.r*)
                0x08019024                . = ALIGN (0x4)

.ARM.extab
 *(.ARM.extab* .gnu.linkonce.armextab.*)
                0x08019024                __exidx_start = .

.ARM.exidx
 *(.ARM.exidx* .gnu.linkonce.armexidx.*)
                0x08019024                __exidx_end = .

.ctors          0x08019024        0x0
 *crtbegin.o(.ctors)
 *(EXCLUDE_FILE(*crtend.o) .ctors)
 *(SORT(.ctors.*))
 *(.ctors)
                0x08019024                . = ALIGN (0x4)

.dtors          0x08019024        0x0
 *crtbegin.o(.dtors)
 *(EXCLUDE_FILE(*crtend.o) .dtors)
 *(SORT(.dtors.*))
 *(.dtors)
                0x08019024                . = ALIGN (0x4)

.eh_frame       0x08019024        0x4
 *(.eh_frame)
 .eh_frame      0x08019024        0x0 c:/devkitpro/devkitarm/bin/../lib/gcc/arm-none-eabi/5.3.0/thumb/crtbegin.o
 .eh_frame      0x08019024        0x4 c:/devkitpro/devkitarm/bin/../lib/gcc/arm-none-eabi/5.3.0/thumb/crtend.o
                0x08019028                . = ALIGN (0x4)

.rel.dyn        0x08019028        0x0
 .rel.iplt      0x08019028        0x0 c:/devkitpro/devkitarm/bin/../lib/gcc/arm-none-eabi/5.3.0/../../../../arm-none-eabi/lib/thumb/gba_crt0.o

.gcc_except_table
                0x08019028        0x0
 *(.gcc_except_table)
                0x08019028                . = ALIGN (0x4)
                0x08019028                __iwram_lma = .

.iwram          0x03000000        0x0 load address 0x08019028
                0x03000000                __iwram_start__ = ABSOLUTE (.)
 *(.iwram)
 *iwram.*(.text)
                0x03000000                . = ALIGN (0x4)
                0x03000000                __iwram_end__ = ABSOLUTE (.)
                0x08019028                __data_lma = (__iwram_lma + SIZEOF (.iwram))

.bss            0x03000000       0x28
                0x03000000                __bss_start = ABSOLUTE (.)
                0x03000000                __bss_start__ = ABSOLUTE (.)
 *(.dynbss)
 *(.gnu.linkonce.b*)
 *(.bss*)
 .bss           0x03000000       0x1c c:/devkitpro/devkitarm/bin/../lib/gcc/arm-none-eabi/5.3.0/thumb/crtbegin.o
 .bss           0x0300001c        0x4 gba_input.o
                0x0300001c                u16PreviousKeys
                0x0300001e                u16CurrentKeys
 .bss           0x03000020        0x8 c:/devkitpro/devkitarm/bin/../lib/gcc/arm-none-eabi/5.3.0/../../../../arm-none-eabi/lib/thumb\libsysbase.a(malloc_vars.o)
                0x03000020                fake_heap_start
                0x03000024                fake_heap_end
 *(COMMON)
                0x03000028                . = ALIGN (0x4)
                0x03000028                __bss_end__ = ABSOLUTE (.)

.data           0x03000028        0x8 load address 0x08019028
                0x03000028                __data_start__ = ABSOLUTE (.)
 *(.data)
 .data          0x03000028        0x4 gba_graphics.o
                0x03000028                VideoPage
 .data          0x0300002c        0x4 gba_mathUtility.o
                0x0300002c                s32QuasiRandomSeed
 *(.data.*)
 *(.gnu.linkonce.d*)
                0x03000030                . = ALIGN (0x4)
                0x08019030                __preinit_lma = (__data_lma + SIZEOF (.data))

.igot.plt       0x03000030        0x0 load address 0x08019030
 .igot.plt      0x03000030        0x0 c:/devkitpro/devkitarm/bin/../lib/gcc/arm-none-eabi/5.3.0/../../../../arm-none-eabi/lib/thumb/gba_crt0.o

.tm_clone_table
                0x03000030        0x0 load address 0x08019030
 .tm_clone_table
                0x03000030        0x0 c:/devkitpro/devkitarm/bin/../lib/gcc/arm-none-eabi/5.3.0/thumb/crtbegin.o
 .tm_clone_table
                0x03000030        0x0 c:/devkitpro/devkitarm/bin/../lib/gcc/arm-none-eabi/5.3.0/thumb/crtend.o

.preinit_array  0x03000030        0x0 load address 0x08019030
                0x03000030                __preinit_array_start = ABSOLUTE (.)
 *(.preinit_array)
                0x03000030                __preinit_array_end = ABSOLUTE (.)
                0x08019030                __init_lma = (__preinit_lma + SIZEOF (.preinit_array))

.init_array     0x03000030        0x4 load address 0x08019030
                0x03000030                __init_array_start = ABSOLUTE (.)
 *(SORT(.init_array.*))
 *(.init_array)
 .init_array    0x03000030        0x4 c:/devkitpro/devkitarm/bin/../lib/gcc/arm-none-eabi/5.3.0/thumb/crtbegin.o
                0x03000034                __init_array_end = ABSOLUTE (.)
                0x08019034                __fini_lma = (__init_lma + SIZEOF (.init_array))

.fini_array     0x03000034        0x4 load address 0x08019034
                0x03000034                __fini_array_start = ABSOLUTE (.)
 *(SORT(.fini_array.*))
 *(.fini_array)
 .fini_array    0x03000034        0x4 c:/devkitpro/devkitarm/bin/../lib/gcc/arm-none-eabi/5.3.0/thumb/crtbegin.o
                0x03000038                __fini_array_end = ABSOLUTE (.)
                0x08019038                __jcr_lma = (__fini_lma + SIZEOF (.fini_array))

.jcr            0x03000038        0x4 load address 0x08019038
 *(.jcr)
 .jcr           0x03000038        0x0 c:/devkitpro/devkitarm/bin/../lib/gcc/arm-none-eabi/5.3.0/thumb/crtbegin.o
 .jcr           0x03000038        0x4 c:/devkitpro/devkitarm/bin/../lib/gcc/arm-none-eabi/5.3.0/thumb/crtend.o
                0x0300003c                __data_end__ = ABSOLUTE (.)
                0x0801903c                __iwram_overlay_lma = (__jcr_lma + SIZEOF (.jcr))
                0x0300003c                __iwram_overlay_start = .

.iwram0         0x0300003c        0x0 load address 0x0801903c
 *(.iwram0)
                0x0300003c                . = ALIGN (0x4)
                0x0801903c                PROVIDE (__load_start_iwram0, LOADADDR (.iwram0))
                0x0801903c                PROVIDE (__load_stop_iwram0, (LOADADDR (.iwram0) + SIZEOF (.iwram0)))

.iwram1         0x0300003c        0x0
 *(.iwram1)
                0x0300003c                . = ALIGN (0x4)
                [!provide]                PROVIDE (__load_start_iwram1, LOADADDR (.iwram1))
                [!provide]                PROVIDE (__load_stop_iwram1, (LOADADDR (.iwram1) + SIZEOF (.iwram1)))

.iwram2         0x0300003c        0x0
 *(.iwram2)
                0x0300003c                . = ALIGN (0x4)
                [!provide]                PROVIDE (__load_start_iwram2, LOADADDR (.iwram2))
                [!provide]                PROVIDE (__load_stop_iwram2, (LOADADDR (.iwram2) + SIZEOF (.iwram2)))

.iwram3         0x0300003c        0x0
 *(.iwram3)
                0x0300003c                . = ALIGN (0x4)
                [!provide]                PROVIDE (__load_start_iwram3, LOADADDR (.iwram3))
                [!provide]                PROVIDE (__load_stop_iwram3, (LOADADDR (.iwram3) + SIZEOF (.iwram3)))

.iwram4         0x0300003c        0x0
 *(.iwram4)
                0x0300003c                . = ALIGN (0x4)
                [!provide]                PROVIDE (__load_start_iwram4, LOADADDR (.iwram4))
                [!provide]                PROVIDE (__load_stop_iwram4, (LOADADDR (.iwram4) + SIZEOF (.iwram4)))

.iwram5         0x0300003c        0x0
 *(.iwram5)
                0x0300003c                . = ALIGN (0x4)
                [!provide]                PROVIDE (__load_start_iwram5, LOADADDR (.iwram5))
                [!provide]                PROVIDE (__load_stop_iwram5, (LOADADDR (.iwram5) + SIZEOF (.iwram5)))

.iwram6         0x0300003c        0x0
 *(.iwram6)
                0x0300003c                . = ALIGN (0x4)
                [!provide]                PROVIDE (__load_start_iwram6, LOADADDR (.iwram6))
                [!provide]                PROVIDE (__load_stop_iwram6, (LOADADDR (.iwram6) + SIZEOF (.iwram6)))

.iwram7         0x0300003c        0x0
 *(.iwram7)
                0x0300003c                . = ALIGN (0x4)
                [!provide]                PROVIDE (__load_start_iwram7, LOADADDR (.iwram7))
                [!provide]                PROVIDE (__load_stop_iwram7, (LOADADDR (.iwram7) + SIZEOF (.iwram7)))

.iwram8         0x0300003c        0x0
 *(.iwram8)
                0x0300003c                . = ALIGN (0x4)
                [!provide]                PROVIDE (__load_start_iwram8, LOADADDR (.iwram8))
                [!provide]                PROVIDE (__load_stop_iwram8, (LOADADDR (.iwram8) + SIZEOF (.iwram8)))

.iwram9         0x0300003c        0x0
 *(.iwram9)
                0x0300003c                . = ALIGN (0x4)
                [!provide]                PROVIDE (__load_start_iwram9, LOADADDR (.iwram9))
                [!provide]                PROVIDE (__load_stop_iwram9, (LOADADDR (.iwram9) + SIZEOF (.iwram9)))
                0x0300003c                __iwram_overlay_end = .
                0x0801903c                __ewram_lma = (__iwram_overlay_lma + (__iwram_overlay_end - __iwram_overlay_start))
                0x0300003c                __iheap_start = .
                0x02000000                __ewram_start = ORIGIN (ewram)

.ewram          0x02000000        0x0 load address 0x0801903c
 *(.ewram)
                0x02000000                . = ALIGN (0x4)
                0x02000000                __ewram_end = ABSOLUTE (.)
                0x0801903c                __pad_lma = (__ewram_lma + SIZEOF (.ewram))

.sbss           0x02000000        0x0
                0x02000000                __sbss_start__ = ABSOLUTE (.)
 *(.sbss)
                0x02000000                . = ALIGN (0x4)
                0x02000000                __sbss_end__ = ABSOLUTE (.)
                0x02000000                __end__ = ABSOLUTE (.)
                0x02000000                __eheap_start = ABSOLUTE (.)

.pad            0x02000000        0x8 load address 0x0801903c
                0x02000000        0x4 LONG 0x52416b64
                0x02000004        0x4 LONG 0x4d
                0x02000008                . = ALIGN (0x4)
                0x08019044                __rom_end__ = (__pad_lma + SIZEOF (.pad))

.stab
 *(.stab)

.stabstr
 *(.stabstr)

.stab.excl
 *(.stab.excl)

.stab.exclstr
 *(.stab.exclstr)

.stab.index
 *(.stab.index)

.stab.indexstr
 *(.stab.indexstr)

.comment        0x00000000       0x22
 *(.comment)
 .comment       0x00000000       0x22 c:/devkitpro/devkitarm/bin/../lib/gcc/arm-none-eabi/5.3.0/thumb/crtbegin.o
                                 0x23 (size before relaxing)
 .comment       0x00000022       0x23 enemy.o
 .comment       0x00000022       0x23 main.o
 .comment       0x00000022       0x23 backgroundSprites.o
 .comment       0x00000022       0x23 coin.o
 .comment       0x00000022       0x23 gba_directMemoryAccess.o
 .comment       0x00000022       0x23 gba_drawing.o
 .comment       0x00000022       0x23 gba_graphics.o
 .comment       0x00000022       0x23 gba_input.o
 .comment       0x00000022       0x23 gba_math.o
 .comment       0x00000022       0x23 gba_mathUtility.o
 .comment       0x00000022       0x23 gba_timers.o
 .comment       0x00000022       0x23 koopa.o
 .comment       0x00000022       0x23 mario.o
 .comment       0x00000022       0x23 particles.o
 .comment       0x00000022       0x23 sinlut.o
 .comment       0x00000022       0x23 smoke.o
 .comment       0x00000022       0x23 splash.o
 .comment       0x00000022       0x23 text.o
 .comment       0x00000022       0x23 titleSplash.o
 .comment       0x00000022       0x23 c:/devkitpro/devkitarm/bin/../lib/gcc/arm-none-eabi/5.3.0/../../../../arm-none-eabi/lib/thumb\libg.a(lib_a-init.o)
 .comment       0x00000022       0x23 c:/devkitpro/devkitarm/bin/../lib/gcc/arm-none-eabi/5.3.0/../../../../arm-none-eabi/lib/thumb\libg.a(lib_a-memcpy.o)
 .comment       0x00000022       0x23 c:/devkitpro/devkitarm/bin/../lib/gcc/arm-none-eabi/5.3.0/../../../../arm-none-eabi/lib/thumb\libsysbase.a(malloc_vars.o)
 .comment       0x00000022       0x23 c:/devkitpro/devkitarm/bin/../lib/gcc/arm-none-eabi/5.3.0/thumb/crtend.o

.debug
 *(.debug)

.line
 *(.line)

.debug_srcinfo
 *(.debug_srcinfo)

.debug_sfnames
 *(.debug_sfnames)

.debug_aranges  0x00000000      0x210
 *(.debug_aranges)
 .debug_aranges
                0x00000000       0x40 main.o
 .debug_aranges
                0x00000040       0x18 backgroundSprites.o
 .debug_aranges
                0x00000058       0x18 coin.o
 .debug_aranges
                0x00000070       0x20 gba_directMemoryAccess.o
 .debug_aranges
                0x00000090       0x20 gba_drawing.o
 .debug_aranges
                0x000000b0       0x20 gba_graphics.o
 .debug_aranges
                0x000000d0       0x20 gba_input.o
 .debug_aranges
                0x000000f0       0x20 gba_math.o
 .debug_aranges
                0x00000110       0x20 gba_mathUtility.o
 .debug_aranges
                0x00000130       0x20 gba_timers.o
 .debug_aranges
                0x00000150       0x18 koopa.o
 .debug_aranges
                0x00000168       0x18 mario.o
 .debug_aranges
                0x00000180       0x18 particles.o
 .debug_aranges
                0x00000198       0x18 sinlut.o
 .debug_aranges
                0x000001b0       0x18 smoke.o
 .debug_aranges
                0x000001c8       0x18 splash.o
 .debug_aranges
                0x000001e0       0x18 text.o
 .debug_aranges
                0x000001f8       0x18 titleSplash.o

.debug_pubnames
 *(.debug_pubnames)

.debug_info     0x00000000     0x7490
 *(.debug_info)
 .debug_info    0x00000000     0x5927 main.o
 .debug_info    0x00005927       0x76 backgroundSprites.o
 .debug_info    0x0000599d       0x74 coin.o
 .debug_info    0x00005a11      0x29f gba_directMemoryAccess.o
 .debug_info    0x00005cb0      0x338 gba_drawing.o
 .debug_info    0x00005fe8      0x849 gba_graphics.o
 .debug_info    0x00006831      0x270 gba_input.o
 .debug_info    0x00006aa1      0x306 gba_math.o
 .debug_info    0x00006da7      0x1d5 gba_mathUtility.o
 .debug_info    0x00006f7c      0x167 gba_timers.o
 .debug_info    0x000070e3       0x74 koopa.o
 .debug_info    0x00007157       0x8b mario.o
 .debug_info    0x000071e2       0x74 particles.o
 .debug_info    0x00007256       0x4f sinlut.o
 .debug_info    0x000072a5       0x74 smoke.o
 .debug_info    0x00007319       0x76 splash.o
 .debug_info    0x0000738f       0x8b text.o
 .debug_info    0x0000741a       0x76 titleSplash.o

.debug_abbrev   0x00000000      0xe90
 *(.debug_abbrev)
 .debug_abbrev  0x00000000      0x42c main.o
 .debug_abbrev  0x0000042c       0x5d backgroundSprites.o
 .debug_abbrev  0x00000489       0x43 coin.o
 .debug_abbrev  0x000004cc      0x11f gba_directMemoryAccess.o
 .debug_abbrev  0x000005eb       0xf5 gba_drawing.o
 .debug_abbrev  0x000006e0      0x1f9 gba_graphics.o
 .debug_abbrev  0x000008d9       0xd6 gba_input.o
 .debug_abbrev  0x000009af       0xc2 gba_math.o
 .debug_abbrev  0x00000a71       0xe6 gba_mathUtility.o
 .debug_abbrev  0x00000b57       0xdb gba_timers.o
 .debug_abbrev  0x00000c32       0x43 koopa.o
 .debug_abbrev  0x00000c75       0x4c mario.o
 .debug_abbrev  0x00000cc1       0x43 particles.o
 .debug_abbrev  0x00000d04       0x43 sinlut.o
 .debug_abbrev  0x00000d47       0x43 smoke.o
 .debug_abbrev  0x00000d8a       0x5d splash.o
 .debug_abbrev  0x00000de7       0x4c text.o
 .debug_abbrev  0x00000e33       0x5d titleSplash.o

.debug_line     0x00000000     0x2312
 *(.debug_line)
 .debug_line    0x00000000        0x0 enemy.o
 .debug_line    0x00000000     0x114c main.o
 .debug_line    0x0000114c       0x8c backgroundSprites.o
 .debug_line    0x000011d8       0x7f coin.o
 .debug_line    0x00001257      0x1da gba_directMemoryAccess.o
 .debug_line    0x00001431      0x210 gba_drawing.o
 .debug_line    0x00001641      0x22b gba_graphics.o
 .debug_line    0x0000186c      0x1a3 gba_input.o
 .debug_line    0x00001a0f      0x1bf gba_math.o
 .debug_line    0x00001bce      0x19a gba_mathUtility.o
 .debug_line    0x00001d68      0x19f gba_timers.o
 .debug_line    0x00001f07       0x80 koopa.o
 .debug_line    0x00001f87       0x80 mario.o
 .debug_line    0x00002007       0x84 particles.o
 .debug_line    0x0000208b       0x81 sinlut.o
 .debug_line    0x0000210c       0x80 smoke.o
 .debug_line    0x0000218c       0x81 splash.o
 .debug_line    0x0000220d       0x7f text.o
 .debug_line    0x0000228c       0x86 titleSplash.o

.debug_frame    0x00000000      0x6f4
 *(.debug_frame)
 .debug_frame   0x00000000      0x1d4 main.o
 .debug_frame   0x000001d4       0x74 gba_directMemoryAccess.o
 .debug_frame   0x00000248       0x6c gba_drawing.o
 .debug_frame   0x000002b4      0x19c gba_graphics.o
 .debug_frame   0x00000450       0xb0 gba_input.o
 .debug_frame   0x00000500       0xe8 gba_math.o
 .debug_frame   0x000005e8       0x78 gba_mathUtility.o
 .debug_frame   0x00000660       0x94 gba_timers.o

.debug_str      0x00000000     0x2203
 *(.debug_str)
 .debug_str     0x00000000       0xeb enemy.o
 .debug_str     0x000000eb     0x1438 main.o
                               0x15b7 (size before relaxing)
 .debug_str     0x00001523       0xdb backgroundSprites.o
                                0x123 (size before relaxing)
 .debug_str     0x000015fe       0x5f coin.o
                                 0xfc (size before relaxing)
 .debug_str     0x0000165d      0x109 gba_directMemoryAccess.o
                                0x24e (size before relaxing)
 .debug_str     0x00001766      0x157 gba_drawing.o
                                0x2a9 (size before relaxing)
 .debug_str     0x000018bd      0x2f7 gba_graphics.o
                                0x61e (size before relaxing)
 .debug_str     0x00001bb4       0xca gba_input.o
                                0x23a (size before relaxing)
 .debug_str     0x00001c7e       0xf7 gba_math.o
                                0x281 (size before relaxing)
 .debug_str     0x00001d75       0xc7 gba_mathUtility.o
                                0x21e (size before relaxing)
 .debug_str     0x00001e3c       0xa0 gba_timers.o
                                0x1e2 (size before relaxing)
 .debug_str     0x00001edc       0x60 koopa.o
                                 0xff (size before relaxing)
 .debug_str     0x00001f3c       0x60 mario.o
                                0x108 (size before relaxing)
 .debug_str     0x00001f9c       0x80 particles.o
                                0x10b (size before relaxing)
 .debug_str     0x0000201c       0x61 sinlut.o
                                 0xeb (size before relaxing)
 .debug_str     0x0000207d       0x60 smoke.o
                                 0xff (size before relaxing)
 .debug_str     0x000020dd       0x61 splash.o
                                0x103 (size before relaxing)
 .debug_str     0x0000213e       0x5f text.o
                                0x10d (size before relaxing)
 .debug_str     0x0000219d       0x66 titleSplash.o
                                0x111 (size before relaxing)

.debug_loc      0x00000000     0x5ea4
 *(.debug_loc)
 .debug_loc     0x00000000     0x48c7 main.o
 .debug_loc     0x000048c7      0x23f gba_directMemoryAccess.o
 .debug_loc     0x00004b06      0x510 gba_drawing.o
 .debug_loc     0x00005016      0xafd gba_graphics.o
 .debug_loc     0x00005b13      0x119 gba_input.o
 .debug_loc     0x00005c2c      0x1af gba_math.o
 .debug_loc     0x00005ddb       0xa6 gba_mathUtility.o
 .debug_loc     0x00005e81       0x23 gba_timers.o

.debug_macinfo
 *(.debug_macinfo)

.debug_weaknames
 *(.debug_weaknames)

.debug_funcnames
 *(.debug_funcnames)

.debug_typenames
 *(.debug_typenames)

.debug_varnames
 *(.debug_varnames)

.stack          0x00080000        0x0
                0x00080000                _stack = .
 *(.stack)

.note.gnu.arm.ident
 *(.note.gnu.arm.ident)

.ARM.attributes
                0x00000000       0x2b
 *(.ARM.attributes)
 .ARM.attributes
                0x00000000       0x16 c:/devkitpro/devkitarm/bin/../lib/gcc/arm-none-eabi/5.3.0/../../../../arm-none-eabi/lib/thumb/gba_crt0.o
 .ARM.attributes
                0x00000016       0x16 c:/devkitpro/devkitarm/bin/../lib/gcc/arm-none-eabi/5.3.0/thumb/crti.o
 .ARM.attributes
                0x0000002c       0x30 c:/devkitpro/devkitarm/bin/../lib/gcc/arm-none-eabi/5.3.0/thumb/crtbegin.o
 .ARM.attributes
                0x0000005c       0x2c enemy.o
 .ARM.attributes
                0x00000088       0x2c main.o
 .ARM.attributes
                0x000000b4       0x2c backgroundSprites.o
 .ARM.attributes
                0x000000e0       0x2c coin.o
 .ARM.attributes
                0x0000010c       0x2c gba_directMemoryAccess.o
 .ARM.attributes
                0x00000138       0x2c gba_drawing.o
 .ARM.attributes
                0x00000164       0x2c gba_graphics.o
 .ARM.attributes
                0x00000190       0x2c gba_input.o
 .ARM.attributes
                0x000001bc       0x2c gba_math.o
 .ARM.attributes
                0x000001e8       0x2c gba_mathUtility.o
 .ARM.attributes
                0x00000214       0x2c gba_timers.o
 .ARM.attributes
                0x00000240       0x2c koopa.o
 .ARM.attributes
                0x0000026c       0x2c mario.o
 .ARM.attributes
                0x00000298       0x2c particles.o
 .ARM.attributes
                0x000002c4       0x2c sinlut.o
 .ARM.attributes
                0x000002f0       0x2c smoke.o
 .ARM.attributes
                0x0000031c       0x2c splash.o
 .ARM.attributes
                0x00000348       0x2c text.o
 .ARM.attributes
                0x00000374       0x2c titleSplash.o
 .ARM.attributes
                0x000003a0       0x18 c:/devkitpro/devkitarm/bin/../lib/gcc/arm-none-eabi/5.3.0/thumb\libgcc.a(_udivsi3.o)
 .ARM.attributes
                0x000003b8       0x18 c:/devkitpro/devkitarm/bin/../lib/gcc/arm-none-eabi/5.3.0/thumb\libgcc.a(_divsi3.o)
 .ARM.attributes
                0x000003d0       0x16 c:/devkitpro/devkitarm/bin/../lib/gcc/arm-none-eabi/5.3.0/thumb\libgcc.a(_dvmd_tls.o)
 .ARM.attributes
                0x000003e6       0x18 c:/devkitpro/devkitarm/bin/../lib/gcc/arm-none-eabi/5.3.0/thumb\libgcc.a(_arm_addsubsf3.o)
 .ARM.attributes
                0x000003fe       0x18 c:/devkitpro/devkitarm/bin/../lib/gcc/arm-none-eabi/5.3.0/thumb\libgcc.a(_arm_muldivsf3.o)
 .ARM.attributes
                0x00000416       0x18 c:/devkitpro/devkitarm/bin/../lib/gcc/arm-none-eabi/5.3.0/thumb\libgcc.a(_arm_fixsfsi.o)
 .ARM.attributes
                0x0000042e       0x30 c:/devkitpro/devkitarm/bin/../lib/gcc/arm-none-eabi/5.3.0/../../../../arm-none-eabi/lib/thumb\libg.a(lib_a-init.o)
 .ARM.attributes
                0x0000045e       0x30 c:/devkitpro/devkitarm/bin/../lib/gcc/arm-none-eabi/5.3.0/../../../../arm-none-eabi/lib/thumb\libg.a(lib_a-memcpy.o)
 .ARM.attributes
                0x0000048e       0x30 c:/devkitpro/devkitarm/bin/../lib/gcc/arm-none-eabi/5.3.0/../../../../arm-none-eabi/lib/thumb\libsysbase.a(malloc_vars.o)
 .ARM.attributes
                0x000004be       0x30 c:/devkitpro/devkitarm/bin/../lib/gcc/arm-none-eabi/5.3.0/thumb/crtend.o
 .ARM.attributes
                0x000004ee       0x16 c:/devkitpro/devkitarm/bin/../lib/gcc/arm-none-eabi/5.3.0/thumb/crtn.o

/DISCARD/
 *(.note.GNU-stack)
LOAD c:/devkitpro/devkitarm/bin/../lib/gcc/arm-none-eabi/5.3.0/../../../../arm-none-eabi/lib/thumb/gba_crt0.o
LOAD c:/devkitpro/devkitarm/bin/../lib/gcc/arm-none-eabi/5.3.0/thumb/crti.o
LOAD c:/devkitpro/devkitarm/bin/../lib/gcc/arm-none-eabi/5.3.0/thumb/crtbegin.o
LOAD enemy.o
LOAD main.o
LOAD backgroundSprites.o
LOAD coin.o
LOAD gba_directMemoryAccess.o
LOAD gba_drawing.o
LOAD gba_graphics.o
LOAD gba_input.o
LOAD gba_math.o
LOAD gba_mathUtility.o
LOAD gba_timers.o
LOAD koopa.o
LOAD mario.o
LOAD particles.o
LOAD sinlut.o
LOAD smoke.o
LOAD splash.o
LOAD text.o
LOAD titleSplash.o
LOAD c:/devkitPro/libgba/lib\libmm.a
LOAD c:/devkitPro/libgba/lib\libgba.a
LOAD c:/devkitpro/devkitarm/bin/../lib/gcc/arm-none-eabi/5.3.0/../../../../arm-none-eabi/lib/thumb\libstdc++.a
LOAD c:/devkitpro/devkitarm/bin/../lib/gcc/arm-none-eabi/5.3.0/../../../../arm-none-eabi/lib/thumb\libm.a
START GROUP
LOAD c:/devkitpro/devkitarm/bin/../lib/gcc/arm-none-eabi/5.3.0/thumb\libgcc.a
LOAD c:/devkitpro/devkitarm/bin/../lib/gcc/arm-none-eabi/5.3.0/../../../../arm-none-eabi/lib/thumb\libg.a
LOAD c:/devkitpro/devkitarm/bin/../lib/gcc/arm-none-eabi/5.3.0/../../../../arm-none-eabi/lib/thumb\libc.a
LOAD c:/devkitpro/devkitarm/bin/../lib/gcc/arm-none-eabi/5.3.0/../../../../arm-none-eabi/lib/thumb\libsysbase.a
END GROUP
LOAD c:/devkitpro/devkitarm/bin/../lib/gcc/arm-none-eabi/5.3.0/thumb/crtend.o
LOAD c:/devkitpro/devkitarm/bin/../lib/gcc/arm-none-eabi/5.3.0/thumb/crtn.o
OUTPUT(d:/Documents/CodingWork/Year2/CT5036ProgrammingLowLevelArchitecture/KoopaRevenge/KoopaRevenge.elf elf32-littlearm)

.debug_ranges   0x00000000      0xb10
 .debug_ranges  0x00000000      0xa98 main.o
 .debug_ranges  0x00000a98       0x30 gba_directMemoryAccess.o
 .debug_ranges  0x00000ac8       0x20 gba_graphics.o
 .debug_ranges  0x00000ae8       0x18 gba_mathUtility.o
 .debug_ranges  0x00000b00       0x10 gba_timers.o
