Archive member included to satisfy reference by file (symbol)

c:/devkitpro/devkitarm/bin/../lib/gcc/arm-none-eabi/5.3.0/thumb\libgcc.a(_udivsi3.o)
                              main.o (__aeabi_uidiv)
c:/devkitpro/devkitarm/bin/../lib/gcc/arm-none-eabi/5.3.0/thumb\libgcc.a(_divsi3.o)
                              gba_math.o (__aeabi_idiv)
c:/devkitpro/devkitarm/bin/../lib/gcc/arm-none-eabi/5.3.0/thumb\libgcc.a(_dvmd_tls.o)
                              c:/devkitpro/devkitarm/bin/../lib/gcc/arm-none-eabi/5.3.0/thumb\libgcc.a(_udivsi3.o) (__aeabi_idiv0)
c:/devkitpro/devkitarm/bin/../lib/gcc/arm-none-eabi/5.3.0/thumb\libgcc.a(_arm_addsubsf3.o)
                              gba_math.o (__aeabi_i2f)
c:/devkitpro/devkitarm/bin/../lib/gcc/arm-none-eabi/5.3.0/thumb\libgcc.a(_arm_muldivsf3.o)
                              gba_math.o (__aeabi_fmul)
c:/devkitpro/devkitarm/bin/../lib/gcc/arm-none-eabi/5.3.0/thumb\libgcc.a(_arm_fixsfsi.o)
                              gba_math.o (__aeabi_f2iz)
c:/devkitpro/devkitarm/bin/../lib/gcc/arm-none-eabi/5.3.0/../../../../arm-none-eabi/lib/thumb\libg.a(lib_a-init.o)
                              c:/devkitpro/devkitarm/bin/../lib/gcc/arm-none-eabi/5.3.0/../../../../arm-none-eabi/lib/thumb/gba_crt0.o (__libc_init_array)
c:/devkitpro/devkitarm/bin/../lib/gcc/arm-none-eabi/5.3.0/../../../../arm-none-eabi/lib/thumb\libg.a(lib_a-memcpy.o)
                              main.o (memcpy)
c:/devkitpro/devkitarm/bin/../lib/gcc/arm-none-eabi/5.3.0/../../../../arm-none-eabi/lib/thumb\libsysbase.a(malloc_vars.o)
                              c:/devkitpro/devkitarm/bin/../lib/gcc/arm-none-eabi/5.3.0/../../../../arm-none-eabi/lib/thumb/gba_crt0.o (fake_heap_end)

Discarded input sections

 .text          0x00000000        0x0 c:/devkitpro/devkitarm/bin/../lib/gcc/arm-none-eabi/5.3.0/../../../../arm-none-eabi/lib/thumb/gba_crt0.o
 .data          0x00000000        0x0 c:/devkitpro/devkitarm/bin/../lib/gcc/arm-none-eabi/5.3.0/../../../../arm-none-eabi/lib/thumb/gba_crt0.o
 .bss           0x00000000        0x0 c:/devkitpro/devkitarm/bin/../lib/gcc/arm-none-eabi/5.3.0/../../../../arm-none-eabi/lib/thumb/gba_crt0.o
 .text          0x00000000        0x0 c:/devkitpro/devkitarm/bin/../lib/gcc/arm-none-eabi/5.3.0/thumb/crti.o
 .data          0x00000000        0x0 c:/devkitpro/devkitarm/bin/../lib/gcc/arm-none-eabi/5.3.0/thumb/crti.o
 .bss           0x00000000        0x0 c:/devkitpro/devkitarm/bin/../lib/gcc/arm-none-eabi/5.3.0/thumb/crti.o
 .data          0x00000000        0x4 c:/devkitpro/devkitarm/bin/../lib/gcc/arm-none-eabi/5.3.0/thumb/crtbegin.o
 .group         0x00000000        0x8 main.o
 .group         0x00000000        0x8 main.o
 .group         0x00000000        0x8 main.o
 .data          0x00000000        0x0 main.o
 .bss           0x00000000        0x0 main.o
 .text          0x00000000        0x0 backgroundSprites.o
 .data          0x00000000        0x0 backgroundSprites.o
 .bss           0x00000000        0x0 backgroundSprites.o
 .text          0x00000000        0x0 coin.o
 .data          0x00000000        0x0 coin.o
 .bss           0x00000000        0x0 coin.o
 .data          0x00000000        0x0 gba_directMemoryAccess.o
 .bss           0x00000000        0x0 gba_directMemoryAccess.o
 .text          0x00000000      0x170 gba_drawing.o
 .data          0x00000000        0x0 gba_drawing.o
 .bss           0x00000000        0x0 gba_drawing.o
 .bss           0x00000000      0x400 gba_graphics.o
 .rodata        0x00000000        0x4 gba_graphics.o
 .data          0x00000000        0x0 gba_input.o
 .data          0x00000000        0x0 gba_math.o
 .bss           0x00000000        0x0 gba_math.o
 .bss           0x00000000        0x0 gba_mathUtility.o
 .data          0x00000000        0x0 gba_timers.o
 .bss           0x00000000        0x0 gba_timers.o
 .text          0x00000000        0x0 koopa.o
 .data          0x00000000        0x0 koopa.o
 .bss           0x00000000        0x0 koopa.o
 .text          0x00000000        0x0 mario.o
 .data          0x00000000        0x0 mario.o
 .bss           0x00000000        0x0 mario.o
 .text          0x00000000        0x0 particles.o
 .data          0x00000000        0x0 particles.o
 .bss           0x00000000        0x0 particles.o
 .rodata        0x00000000      0x220 particles.o
 .text          0x00000000        0x0 sinlut.o
 .data          0x00000000        0x0 sinlut.o
 .bss           0x00000000        0x0 sinlut.o
 .text          0x00000000        0x0 smoke.o
 .data          0x00000000        0x0 smoke.o
 .bss           0x00000000        0x0 smoke.o
 .text          0x00000000        0x0 splash.o
 .data          0x00000000        0x0 splash.o
 .bss           0x00000000        0x0 splash.o
 .text          0x00000000        0x0 text.o
 .data          0x00000000        0x0 text.o
 .bss           0x00000000        0x0 text.o
 .text          0x00000000        0x0 titleSplash.o
 .data          0x00000000        0x0 titleSplash.o
 .bss           0x00000000        0x0 titleSplash.o
 .data          0x00000000        0x0 c:/devkitpro/devkitarm/bin/../lib/gcc/arm-none-eabi/5.3.0/thumb\libgcc.a(_udivsi3.o)
 .bss           0x00000000        0x0 c:/devkitpro/devkitarm/bin/../lib/gcc/arm-none-eabi/5.3.0/thumb\libgcc.a(_udivsi3.o)
 .data          0x00000000        0x0 c:/devkitpro/devkitarm/bin/../lib/gcc/arm-none-eabi/5.3.0/thumb\libgcc.a(_divsi3.o)
 .bss           0x00000000        0x0 c:/devkitpro/devkitarm/bin/../lib/gcc/arm-none-eabi/5.3.0/thumb\libgcc.a(_divsi3.o)
 .data          0x00000000        0x0 c:/devkitpro/devkitarm/bin/../lib/gcc/arm-none-eabi/5.3.0/thumb\libgcc.a(_dvmd_tls.o)
 .bss           0x00000000        0x0 c:/devkitpro/devkitarm/bin/../lib/gcc/arm-none-eabi/5.3.0/thumb\libgcc.a(_dvmd_tls.o)
 .data          0x00000000        0x0 c:/devkitpro/devkitarm/bin/../lib/gcc/arm-none-eabi/5.3.0/thumb\libgcc.a(_arm_addsubsf3.o)
 .bss           0x00000000        0x0 c:/devkitpro/devkitarm/bin/../lib/gcc/arm-none-eabi/5.3.0/thumb\libgcc.a(_arm_addsubsf3.o)
 .data          0x00000000        0x0 c:/devkitpro/devkitarm/bin/../lib/gcc/arm-none-eabi/5.3.0/thumb\libgcc.a(_arm_muldivsf3.o)
 .bss           0x00000000        0x0 c:/devkitpro/devkitarm/bin/../lib/gcc/arm-none-eabi/5.3.0/thumb\libgcc.a(_arm_muldivsf3.o)
 .data          0x00000000        0x0 c:/devkitpro/devkitarm/bin/../lib/gcc/arm-none-eabi/5.3.0/thumb\libgcc.a(_arm_fixsfsi.o)
 .bss           0x00000000        0x0 c:/devkitpro/devkitarm/bin/../lib/gcc/arm-none-eabi/5.3.0/thumb\libgcc.a(_arm_fixsfsi.o)
 .text          0x00000000        0x0 c:/devkitpro/devkitarm/bin/../lib/gcc/arm-none-eabi/5.3.0/../../../../arm-none-eabi/lib/thumb\libg.a(lib_a-init.o)
 .data          0x00000000        0x0 c:/devkitpro/devkitarm/bin/../lib/gcc/arm-none-eabi/5.3.0/../../../../arm-none-eabi/lib/thumb\libg.a(lib_a-init.o)
 .bss           0x00000000        0x0 c:/devkitpro/devkitarm/bin/../lib/gcc/arm-none-eabi/5.3.0/../../../../arm-none-eabi/lib/thumb\libg.a(lib_a-init.o)
 .text          0x00000000        0x0 c:/devkitpro/devkitarm/bin/../lib/gcc/arm-none-eabi/5.3.0/../../../../arm-none-eabi/lib/thumb\libg.a(lib_a-memcpy.o)
 .data          0x00000000        0x0 c:/devkitpro/devkitarm/bin/../lib/gcc/arm-none-eabi/5.3.0/../../../../arm-none-eabi/lib/thumb\libg.a(lib_a-memcpy.o)
 .bss           0x00000000        0x0 c:/devkitpro/devkitarm/bin/../lib/gcc/arm-none-eabi/5.3.0/../../../../arm-none-eabi/lib/thumb\libg.a(lib_a-memcpy.o)
 .text          0x00000000        0x0 c:/devkitpro/devkitarm/bin/../lib/gcc/arm-none-eabi/5.3.0/../../../../arm-none-eabi/lib/thumb\libsysbase.a(malloc_vars.o)
 .data          0x00000000        0x0 c:/devkitpro/devkitarm/bin/../lib/gcc/arm-none-eabi/5.3.0/../../../../arm-none-eabi/lib/thumb\libsysbase.a(malloc_vars.o)
 .text          0x00000000        0x0 c:/devkitpro/devkitarm/bin/../lib/gcc/arm-none-eabi/5.3.0/thumb/crtend.o
 .data          0x00000000        0x0 c:/devkitpro/devkitarm/bin/../lib/gcc/arm-none-eabi/5.3.0/thumb/crtend.o
 .bss           0x00000000        0x0 c:/devkitpro/devkitarm/bin/../lib/gcc/arm-none-eabi/5.3.0/thumb/crtend.o
 .text          0x00000000        0x0 c:/devkitpro/devkitarm/bin/../lib/gcc/arm-none-eabi/5.3.0/thumb/crtn.o
 .data          0x00000000        0x0 c:/devkitpro/devkitarm/bin/../lib/gcc/arm-none-eabi/5.3.0/thumb/crtn.o
 .bss           0x00000000        0x0 c:/devkitpro/devkitarm/bin/../lib/gcc/arm-none-eabi/5.3.0/thumb/crtn.o

Memory Configuration

Name             Origin             Length             Attributes
rom              0x08000000         0x02000000
iwram            0x03000000         0x00008000
ewram            0x02000000         0x00040000
*default*        0x00000000         0xffffffff

Linker script and memory map

                0x08000000                __text_start = ORIGIN (rom)
                0x02040000                __eheap_end = (ORIGIN (ewram) + 0x40000)
                0x03000000                __iwram_start = ORIGIN (iwram)
                0x03008000                __iwram_top = (ORIGIN (iwram) + 0x8000)
                0x03007fa0                __sp_irq = (__iwram_top - 0x60)
                0x03007f00                __sp_usr = (__sp_irq - 0xa0)
                0x03007ff8                __irq_flags = 0x3007ff8
                0x08000000                . = __text_start

.init           0x08000000      0x21c
 *(.init)
 .init          0x08000000      0x210 c:/devkitpro/devkitarm/bin/../lib/gcc/arm-none-eabi/5.3.0/../../../../arm-none-eabi/lib/thumb/gba_crt0.o
                0x08000000                _start
                0x080000c4                __boot_method
                0x080000c5                __slave_number
                0x080000e0                start_vector
 .init          0x08000210        0x4 c:/devkitpro/devkitarm/bin/../lib/gcc/arm-none-eabi/5.3.0/thumb/crti.o
                0x08000210                _init
 .init          0x08000214        0x8 c:/devkitpro/devkitarm/bin/../lib/gcc/arm-none-eabi/5.3.0/thumb/crtn.o
                0x0800021c                . = ALIGN (0x4)

.plt            0x0800021c        0x0
 *(.plt)
                0x0800021c                . = ALIGN (0x4)

.text           0x08000220     0x32f8
 *(EXCLUDE_FILE(*.iwram*) .text)
 .text          0x08000220       0xd4 c:/devkitpro/devkitarm/bin/../lib/gcc/arm-none-eabi/5.3.0/thumb/crtbegin.o
 .text          0x080002f4      0x494 main.o
                0x080002f4                SetupSprites()
                0x08000308                SplashScreenLoad()
                0x0800034c                LoadGameBackground()
                0x0800051c                UnloadGameBackground()
                0x08000550                ParticleInitialization(Particle&, Emitter&)
                0x08000568                JumpParticleEmit(Particle&, Emitter&)
                0x080005a0                UpdateParticleContinuous(Particle&, Emitter&, long, long, long)
                0x0800063c                UpdateJumpParticleOneShot(Particle&, Emitter&, long, long, long)
                0x080006c4                UpdateCoinParticleOneShot(Particle&, Emitter&, long, long, long)
                0x0800075c                CoinParticleEmit(Particle&, Emitter&)
 .text          0x08000788       0x8c gba_directMemoryAccess.o
                0x08000788                DirectMemoryAccessCopy
                0x080007a4                DirectMemoryAccessFill
                0x080007cc                DirectMemoryAccessWordCopy
                0x080007ec                DirectMemoryAccessWordFill
 .text          0x08000814      0x288 gba_graphics.o
                0x08000814                VerticalSync
                0x0800082c                PageFlip
                0x0800084c                PaletteBackgroundBlockAddress
                0x08000858                PaletteSpriteBlockAddress
                0x08000868                TileBlockAddress
                0x08000874                TileMapBlockAddress
                0x08000880                SetBackgroundControlRegister
                0x080008f4                SetScreenEntry
                0x08000908                SpriteTileBlockAddress
                0x08000918                SetAttribute0
                0x0800094c                SetAttribute1
                0x08000960                SetAttribute1AffineIndex
                0x08000978                SetAttribute2
                0x0800098c                SetObjectPosition
                0x080009a8                ObjectHide
                0x080009bc                ObjectUnhide
                0x080009cc                ObjectAttributeMemoryInitialize
                0x08000a1c                ObjectAttributeMemoryCopy
                0x08000a40                ObjectAffineIdentity
                0x08000a58                ObjectAffineRotationScale
 .text          0x08000a9c       0xc0 gba_input.o
                0x08000a9c                PollKeys
                0x08000ab8                CurrentKeyState
                0x08000ac4                PreviousKeyState
                0x08000ad0                KeyDown
                0x08000adc                KeyUp
                0x08000ae8                KeyHeld
                0x08000af8                KeyReleased
                0x08000b08                KeyHit
                0x08000b18                KeyStateChange
                0x08000b28                GetAxis
 .text          0x08000b5c       0x88 gba_math.o
                0x08000b5c                IntegerToFixed
                0x08000b60                FloatToFixed
                0x08000b74                FixedToUnsignedInteger
                0x08000b78                FixedToUnsignedFractionalComponent
                0x08000b80                FixedToInteger
                0x08000b8c                FixedToFloat
                0x08000ba0                FixedAddition
                0x08000ba4                FixedSubtraction
                0x08000ba8                FixedMultiply
                0x08000bb0                FixedDivide
                0x08000bc0                LookUpSin
                0x08000bd0                LookUpCos
 .text          0x08000be4       0x80 gba_mathUtility.o
                0x08000be4                SeedQuasiRandom
                0x08000bf4                QuasiRandom
                0x08000c18                QuasiRandomRange
                0x08000c4c                Sign
                0x08000c58                Absolute
                0x08000c60                DelayNoTimer
 .text          0x08000c64       0x94 gba_timers.o
                0x08000c64                TimerEnable
                0x08000c68                TimerDisable
                0x08000c6c                TimerPause
                0x08000c70                TimerUnpause
                0x08000c74                Delay
                0x08000ca8                StopDelay
                0x08000cbc                Sleep
 .text          0x08000cf8      0x11c c:/devkitpro/devkitarm/bin/../lib/gcc/arm-none-eabi/5.3.0/thumb\libgcc.a(_udivsi3.o)
                0x08000cf8                __aeabi_uidiv
                0x08000cf8                __udivsi3
                0x08000df4                __aeabi_uidivmod
 .text          0x08000e14      0x150 c:/devkitpro/devkitarm/bin/../lib/gcc/arm-none-eabi/5.3.0/thumb\libgcc.a(_divsi3.o)
                0x08000e14                __divsi3
                0x08000e14                __aeabi_idiv
                0x08000f44                __aeabi_idivmod
 .text          0x08000f64        0x4 c:/devkitpro/devkitarm/bin/../lib/gcc/arm-none-eabi/5.3.0/thumb\libgcc.a(_dvmd_tls.o)
                0x08000f64                __aeabi_idiv0
                0x08000f64                __aeabi_ldiv0
 .text          0x08000f68      0x2ac c:/devkitpro/devkitarm/bin/../lib/gcc/arm-none-eabi/5.3.0/thumb\libgcc.a(_arm_addsubsf3.o)
                0x08000f68                __aeabi_frsub
                0x08000f70                __subsf3
                0x08000f70                __aeabi_fsub
                0x08000f74                __aeabi_fadd
                0x08000f74                __addsf3
                0x08001130                __aeabi_ui2f
                0x08001130                __floatunsisf
                0x08001138                __aeabi_i2f
                0x08001138                __floatsisf
                0x08001158                __aeabi_ul2f
                0x08001158                __floatundisf
                0x08001168                __aeabi_l2f
                0x08001168                __floatdisf
 .text          0x08001214      0x2f8 c:/devkitpro/devkitarm/bin/../lib/gcc/arm-none-eabi/5.3.0/thumb\libgcc.a(_arm_muldivsf3.o)
                0x08001214                __mulsf3
                0x08001214                __aeabi_fmul
                0x080013ac                __aeabi_fdiv
                0x080013ac                __divsf3
 .text          0x0800150c       0x5c c:/devkitpro/devkitarm/bin/../lib/gcc/arm-none-eabi/5.3.0/thumb\libgcc.a(_arm_fixsfsi.o)
                0x0800150c                __aeabi_f2iz
                0x0800150c                __fixsfsi
 *(.text .stub .text.* .gnu.linkonce.t.*)
 .text._ZN5Enemy19EnemyInitializationER13SpriteManager6Player
                0x08001568      0x138 main.o
                0x08001568                Enemy::EnemyInitialization(SpriteManager&, Player)
 .text._ZN5Enemy11EnemyUpdateER6Player
                0x080016a0      0x5f8 main.o
                0x080016a0                Enemy::EnemyUpdate(Player&)
 .text._ZN4Text8DrawTextEPchhR13SpriteManagerh
                0x08001c98       0xc0 main.o
                0x08001c98                Text::DrawText(char*, unsigned char, unsigned char, SpriteManager&, unsigned char)
 .text.startup  0x08001d58     0x16a4 main.o
                0x08001d58                main
 .text.__libc_init_array
                0x080033fc       0x58 c:/devkitpro/devkitarm/bin/../lib/gcc/arm-none-eabi/5.3.0/../../../../arm-none-eabi/lib/thumb\libg.a(lib_a-init.o)
                0x080033fc                __libc_init_array
 .text.memcpy   0x08003454       0x80 c:/devkitpro/devkitarm/bin/../lib/gcc/arm-none-eabi/5.3.0/../../../../arm-none-eabi/lib/thumb\libg.a(lib_a-memcpy.o)
                0x08003454                memcpy
 *fill*         0x080034d4        0x4 ff
 .text.memcpy.__stub
                0x080034d8       0x3c linker stubs
 *(.text.*personality*)
 *(.gnu.warning)
 *(.glue_7t)
 .glue_7t       0x08003518        0x0 linker stubs
 *(.glue_7)
 .glue_7        0x08003518        0x0 linker stubs
 *(.vfp11_veneer)
 .vfp11_veneer  0x08003518        0x0 linker stubs
                0x08003518                . = ALIGN (0x4)
                0x08003518                __text_end = .

.v4_bx          0x08003518        0x0
 .v4_bx         0x08003518        0x0 linker stubs

.iplt           0x08003518        0x0
 .iplt          0x08003518        0x0 c:/devkitpro/devkitarm/bin/../lib/gcc/arm-none-eabi/5.3.0/../../../../arm-none-eabi/lib/thumb/gba_crt0.o

.fini           0x08003518        0xc
 *(.fini)
 .fini          0x08003518        0x4 c:/devkitpro/devkitarm/bin/../lib/gcc/arm-none-eabi/5.3.0/thumb/crti.o
                0x08003518                _fini
 .fini          0x0800351c        0x8 c:/devkitpro/devkitarm/bin/../lib/gcc/arm-none-eabi/5.3.0/thumb/crtn.o
                0x08003524                . = ALIGN (0x4)

.rodata         0x08003524    0x14c48
 *(.rodata)
 .rodata        0x08003524     0x50a8 main.o
 .rodata        0x080085cc     0x11a0 backgroundSprites.o
                0x080085cc                backgroundSpritesPal
                0x080085ec                backgroundSpritesTiles
 .rodata        0x0800976c      0x120 coin.o
                0x0800976c                coinPal
                0x0800978c                coinTiles
 .rodata        0x0800988c      0x220 koopa.o
                0x0800988c                koopaPal
                0x080098ac                koopaTiles
 .rodata        0x08009aac      0x340 mario.o
                0x08009aac                luigiPal
                0x08009acc                marioPal
                0x08009aec                marioTiles
 .rodata        0x08009dec      0x400 sinlut.o
                0x08009dec                sin_lut
 .rodata        0x0800a1ec      0x220 smoke.o
                0x0800a1ec                smokePal
                0x0800a20c                smokeTiles
 .rodata        0x0800a40c     0x9800 splash.o
                0x0800a40c                splashPal
                0x0800a60c                splashBitmap
 .rodata        0x08013c0c      0x540 text.o
                0x08013c0c                textAlternatePal
                0x08013c2c                textPal
                0x08013c4c                textTiles
 .rodata        0x0801414c     0x4020 titleSplash.o
                0x0801414c                titleSplashPal
                0x0801416c                titleSplashTiles
 *all.rodata*(*)
 *(.roda)
 *(.rodata.*)
 *(.gnu.linkonce.r*)
                0x0801816c                . = ALIGN (0x4)

.ARM.extab
 *(.ARM.extab* .gnu.linkonce.armextab.*)
                0x0801816c                __exidx_start = .

.ARM.exidx
 *(.ARM.exidx* .gnu.linkonce.armexidx.*)
                0x0801816c                __exidx_end = .

.ctors          0x0801816c        0x0
 *crtbegin.o(.ctors)
 *(EXCLUDE_FILE(*crtend.o) .ctors)
 *(SORT(.ctors.*))
 *(.ctors)
                0x0801816c                . = ALIGN (0x4)

.dtors          0x0801816c        0x0
 *crtbegin.o(.dtors)
 *(EXCLUDE_FILE(*crtend.o) .dtors)
 *(SORT(.dtors.*))
 *(.dtors)
                0x0801816c                . = ALIGN (0x4)

.eh_frame       0x0801816c        0x4
 *(.eh_frame)
 .eh_frame      0x0801816c        0x0 c:/devkitpro/devkitarm/bin/../lib/gcc/arm-none-eabi/5.3.0/thumb/crtbegin.o
 .eh_frame      0x0801816c        0x4 c:/devkitpro/devkitarm/bin/../lib/gcc/arm-none-eabi/5.3.0/thumb/crtend.o
                0x08018170                . = ALIGN (0x4)

.rel.dyn        0x08018170        0x0
 .rel.iplt      0x08018170        0x0 c:/devkitpro/devkitarm/bin/../lib/gcc/arm-none-eabi/5.3.0/../../../../arm-none-eabi/lib/thumb/gba_crt0.o

.gcc_except_table
                0x08018170        0x0
 *(.gcc_except_table)
                0x08018170                . = ALIGN (0x4)
                0x08018170                __iwram_lma = .

.iwram          0x03000000        0x0 load address 0x08018170
                0x03000000                __iwram_start__ = ABSOLUTE (.)
 *(.iwram)
 *iwram.*(.text)
                0x03000000                . = ALIGN (0x4)
                0x03000000                __iwram_end__ = ABSOLUTE (.)
                0x08018170                __data_lma = (__iwram_lma + SIZEOF (.iwram))

.bss            0x03000000       0x28
                0x03000000                __bss_start = ABSOLUTE (.)
                0x03000000                __bss_start__ = ABSOLUTE (.)
 *(.dynbss)
 *(.gnu.linkonce.b*)
 *(.bss*)
 .bss           0x03000000       0x1c c:/devkitpro/devkitarm/bin/../lib/gcc/arm-none-eabi/5.3.0/thumb/crtbegin.o
 .bss           0x0300001c        0x4 gba_input.o
                0x0300001c                u16PreviousKeys
                0x0300001e                u16CurrentKeys
 .bss           0x03000020        0x8 c:/devkitpro/devkitarm/bin/../lib/gcc/arm-none-eabi/5.3.0/../../../../arm-none-eabi/lib/thumb\libsysbase.a(malloc_vars.o)
                0x03000020                fake_heap_start
                0x03000024                fake_heap_end
 *(COMMON)
                0x03000028                . = ALIGN (0x4)
                0x03000028                __bss_end__ = ABSOLUTE (.)

.data           0x03000028        0x8 load address 0x08018170
                0x03000028                __data_start__ = ABSOLUTE (.)
 *(.data)
 .data          0x03000028        0x4 gba_graphics.o
                0x03000028                VideoPage
 .data          0x0300002c        0x4 gba_mathUtility.o
                0x0300002c                s32QuasiRandomSeed
 *(.data.*)
 *(.gnu.linkonce.d*)
                0x03000030                . = ALIGN (0x4)
                0x08018178                __preinit_lma = (__data_lma + SIZEOF (.data))

.igot.plt       0x03000030        0x0 load address 0x08018178
 .igot.plt      0x03000030        0x0 c:/devkitpro/devkitarm/bin/../lib/gcc/arm-none-eabi/5.3.0/../../../../arm-none-eabi/lib/thumb/gba_crt0.o

.tm_clone_table
                0x03000030        0x0 load address 0x08018178
 .tm_clone_table
                0x03000030        0x0 c:/devkitpro/devkitarm/bin/../lib/gcc/arm-none-eabi/5.3.0/thumb/crtbegin.o
 .tm_clone_table
                0x03000030        0x0 c:/devkitpro/devkitarm/bin/../lib/gcc/arm-none-eabi/5.3.0/thumb/crtend.o

.preinit_array  0x03000030        0x0 load address 0x08018178
                0x03000030                __preinit_array_start = ABSOLUTE (.)
 *(.preinit_array)
                0x03000030                __preinit_array_end = ABSOLUTE (.)
                0x08018178                __init_lma = (__preinit_lma + SIZEOF (.preinit_array))

.init_array     0x03000030        0x4 load address 0x08018178
                0x03000030                __init_array_start = ABSOLUTE (.)
 *(SORT(.init_array.*))
 *(.init_array)
 .init_array    0x03000030        0x4 c:/devkitpro/devkitarm/bin/../lib/gcc/arm-none-eabi/5.3.0/thumb/crtbegin.o
                0x03000034                __init_array_end = ABSOLUTE (.)
                0x0801817c                __fini_lma = (__init_lma + SIZEOF (.init_array))

.fini_array     0x03000034        0x4 load address 0x0801817c
                0x03000034                __fini_array_start = ABSOLUTE (.)
 *(SORT(.fini_array.*))
 *(.fini_array)
 .fini_array    0x03000034        0x4 c:/devkitpro/devkitarm/bin/../lib/gcc/arm-none-eabi/5.3.0/thumb/crtbegin.o
                0x03000038                __fini_array_end = ABSOLUTE (.)
                0x08018180                __jcr_lma = (__fini_lma + SIZEOF (.fini_array))

.jcr            0x03000038        0x4 load address 0x08018180
 *(.jcr)
 .jcr           0x03000038        0x0 c:/devkitpro/devkitarm/bin/../lib/gcc/arm-none-eabi/5.3.0/thumb/crtbegin.o
 .jcr           0x03000038        0x4 c:/devkitpro/devkitarm/bin/../lib/gcc/arm-none-eabi/5.3.0/thumb/crtend.o
                0x0300003c                __data_end__ = ABSOLUTE (.)
                0x08018184                __iwram_overlay_lma = (__jcr_lma + SIZEOF (.jcr))
                0x0300003c                __iwram_overlay_start = .

.iwram0         0x0300003c        0x0 load address 0x08018184
 *(.iwram0)
                0x0300003c                . = ALIGN (0x4)
                0x08018184                PROVIDE (__load_start_iwram0, LOADADDR (.iwram0))
                0x08018184                PROVIDE (__load_stop_iwram0, (LOADADDR (.iwram0) + SIZEOF (.iwram0)))

.iwram1         0x0300003c        0x0
 *(.iwram1)
                0x0300003c                . = ALIGN (0x4)
                [!provide]                PROVIDE (__load_start_iwram1, LOADADDR (.iwram1))
                [!provide]                PROVIDE (__load_stop_iwram1, (LOADADDR (.iwram1) + SIZEOF (.iwram1)))

.iwram2         0x0300003c        0x0
 *(.iwram2)
                0x0300003c                . = ALIGN (0x4)
                [!provide]                PROVIDE (__load_start_iwram2, LOADADDR (.iwram2))
                [!provide]                PROVIDE (__load_stop_iwram2, (LOADADDR (.iwram2) + SIZEOF (.iwram2)))

.iwram3         0x0300003c        0x0
 *(.iwram3)
                0x0300003c                . = ALIGN (0x4)
                [!provide]                PROVIDE (__load_start_iwram3, LOADADDR (.iwram3))
                [!provide]                PROVIDE (__load_stop_iwram3, (LOADADDR (.iwram3) + SIZEOF (.iwram3)))

.iwram4         0x0300003c        0x0
 *(.iwram4)
                0x0300003c                . = ALIGN (0x4)
                [!provide]                PROVIDE (__load_start_iwram4, LOADADDR (.iwram4))
                [!provide]                PROVIDE (__load_stop_iwram4, (LOADADDR (.iwram4) + SIZEOF (.iwram4)))

.iwram5         0x0300003c        0x0
 *(.iwram5)
                0x0300003c                . = ALIGN (0x4)
                [!provide]                PROVIDE (__load_start_iwram5, LOADADDR (.iwram5))
                [!provide]                PROVIDE (__load_stop_iwram5, (LOADADDR (.iwram5) + SIZEOF (.iwram5)))

.iwram6         0x0300003c        0x0
 *(.iwram6)
                0x0300003c                . = ALIGN (0x4)
                [!provide]                PROVIDE (__load_start_iwram6, LOADADDR (.iwram6))
                [!provide]                PROVIDE (__load_stop_iwram6, (LOADADDR (.iwram6) + SIZEOF (.iwram6)))

.iwram7         0x0300003c        0x0
 *(.iwram7)
                0x0300003c                . = ALIGN (0x4)
                [!provide]                PROVIDE (__load_start_iwram7, LOADADDR (.iwram7))
                [!provide]                PROVIDE (__load_stop_iwram7, (LOADADDR (.iwram7) + SIZEOF (.iwram7)))

.iwram8         0x0300003c        0x0
 *(.iwram8)
                0x0300003c                . = ALIGN (0x4)
                [!provide]                PROVIDE (__load_start_iwram8, LOADADDR (.iwram8))
                [!provide]                PROVIDE (__load_stop_iwram8, (LOADADDR (.iwram8) + SIZEOF (.iwram8)))

.iwram9         0x0300003c        0x0
 *(.iwram9)
                0x0300003c                . = ALIGN (0x4)
                [!provide]                PROVIDE (__load_start_iwram9, LOADADDR (.iwram9))
                [!provide]                PROVIDE (__load_stop_iwram9, (LOADADDR (.iwram9) + SIZEOF (.iwram9)))
                0x0300003c                __iwram_overlay_end = .
                0x08018184                __ewram_lma = (__iwram_overlay_lma + (__iwram_overlay_end - __iwram_overlay_start))
                0x0300003c                __iheap_start = .
                0x02000000                __ewram_start = ORIGIN (ewram)

.ewram          0x02000000        0x0 load address 0x08018184
 *(.ewram)
                0x02000000                . = ALIGN (0x4)
                0x02000000                __ewram_end = ABSOLUTE (.)
                0x08018184                __pad_lma = (__ewram_lma + SIZEOF (.ewram))

.sbss           0x02000000        0x0
                0x02000000                __sbss_start__ = ABSOLUTE (.)
 *(.sbss)
                0x02000000                . = ALIGN (0x4)
                0x02000000                __sbss_end__ = ABSOLUTE (.)
                0x02000000                __end__ = ABSOLUTE (.)
                0x02000000                __eheap_start = ABSOLUTE (.)

.pad            0x02000000        0x8 load address 0x08018184
                0x02000000        0x4 LONG 0x52416b64
                0x02000004        0x4 LONG 0x4d
                0x02000008                . = ALIGN (0x4)
                0x0801818c                __rom_end__ = (__pad_lma + SIZEOF (.pad))

.stab
 *(.stab)

.stabstr
 *(.stabstr)

.stab.excl
 *(.stab.excl)

.stab.exclstr
 *(.stab.exclstr)

.stab.index
 *(.stab.index)

.stab.indexstr
 *(.stab.indexstr)

.comment        0x00000000       0x22
 *(.comment)
 .comment       0x00000000       0x22 c:/devkitpro/devkitarm/bin/../lib/gcc/arm-none-eabi/5.3.0/thumb/crtbegin.o
                                 0x23 (size before relaxing)
 .comment       0x00000022       0x23 main.o
 .comment       0x00000022       0x23 backgroundSprites.o
 .comment       0x00000022       0x23 coin.o
 .comment       0x00000022       0x23 gba_directMemoryAccess.o
 .comment       0x00000022       0x23 gba_drawing.o
 .comment       0x00000022       0x23 gba_graphics.o
 .comment       0x00000022       0x23 gba_input.o
 .comment       0x00000022       0x23 gba_math.o
 .comment       0x00000022       0x23 gba_mathUtility.o
 .comment       0x00000022       0x23 gba_timers.o
 .comment       0x00000022       0x23 koopa.o
 .comment       0x00000022       0x23 mario.o
 .comment       0x00000022       0x23 particles.o
 .comment       0x00000022       0x23 sinlut.o
 .comment       0x00000022       0x23 smoke.o
 .comment       0x00000022       0x23 splash.o
 .comment       0x00000022       0x23 text.o
 .comment       0x00000022       0x23 titleSplash.o
 .comment       0x00000022       0x23 c:/devkitpro/devkitarm/bin/../lib/gcc/arm-none-eabi/5.3.0/../../../../arm-none-eabi/lib/thumb\libg.a(lib_a-init.o)
 .comment       0x00000022       0x23 c:/devkitpro/devkitarm/bin/../lib/gcc/arm-none-eabi/5.3.0/../../../../arm-none-eabi/lib/thumb\libg.a(lib_a-memcpy.o)
 .comment       0x00000022       0x23 c:/devkitpro/devkitarm/bin/../lib/gcc/arm-none-eabi/5.3.0/../../../../arm-none-eabi/lib/thumb\libsysbase.a(malloc_vars.o)
 .comment       0x00000022       0x23 c:/devkitpro/devkitarm/bin/../lib/gcc/arm-none-eabi/5.3.0/thumb/crtend.o

.debug
 *(.debug)

.line
 *(.line)

.debug_srcinfo
 *(.debug_srcinfo)

.debug_sfnames
 *(.debug_sfnames)

.debug_aranges  0x00000000      0x210
 *(.debug_aranges)
 .debug_aranges
                0x00000000       0x40 main.o
 .debug_aranges
                0x00000040       0x18 backgroundSprites.o
 .debug_aranges
                0x00000058       0x18 coin.o
 .debug_aranges
                0x00000070       0x20 gba_directMemoryAccess.o
 .debug_aranges
                0x00000090       0x20 gba_drawing.o
 .debug_aranges
                0x000000b0       0x20 gba_graphics.o
 .debug_aranges
                0x000000d0       0x20 gba_input.o
 .debug_aranges
                0x000000f0       0x20 gba_math.o
 .debug_aranges
                0x00000110       0x20 gba_mathUtility.o
 .debug_aranges
                0x00000130       0x20 gba_timers.o
 .debug_aranges
                0x00000150       0x18 koopa.o
 .debug_aranges
                0x00000168       0x18 mario.o
 .debug_aranges
                0x00000180       0x18 particles.o
 .debug_aranges
                0x00000198       0x18 sinlut.o
 .debug_aranges
                0x000001b0       0x18 smoke.o
 .debug_aranges
                0x000001c8       0x18 splash.o
 .debug_aranges
                0x000001e0       0x18 text.o
 .debug_aranges
                0x000001f8       0x18 titleSplash.o

.debug_pubnames
 *(.debug_pubnames)

.debug_info     0x00000000     0x69cf
 *(.debug_info)
 .debug_info    0x00000000     0x4e66 main.o
 .debug_info    0x00004e66       0x76 backgroundSprites.o
 .debug_info    0x00004edc       0x74 coin.o
 .debug_info    0x00004f50      0x29f gba_directMemoryAccess.o
 .debug_info    0x000051ef      0x338 gba_drawing.o
 .debug_info    0x00005527      0x849 gba_graphics.o
 .debug_info    0x00005d70      0x270 gba_input.o
 .debug_info    0x00005fe0      0x306 gba_math.o
 .debug_info    0x000062e6      0x1d5 gba_mathUtility.o
 .debug_info    0x000064bb      0x167 gba_timers.o
 .debug_info    0x00006622       0x74 koopa.o
 .debug_info    0x00006696       0x8b mario.o
 .debug_info    0x00006721       0x74 particles.o
 .debug_info    0x00006795       0x4f sinlut.o
 .debug_info    0x000067e4       0x74 smoke.o
 .debug_info    0x00006858       0x76 splash.o
 .debug_info    0x000068ce       0x8b text.o
 .debug_info    0x00006959       0x76 titleSplash.o

.debug_abbrev   0x00000000      0xe8b
 *(.debug_abbrev)
 .debug_abbrev  0x00000000      0x427 main.o
 .debug_abbrev  0x00000427       0x5d backgroundSprites.o
 .debug_abbrev  0x00000484       0x43 coin.o
 .debug_abbrev  0x000004c7      0x11f gba_directMemoryAccess.o
 .debug_abbrev  0x000005e6       0xf5 gba_drawing.o
 .debug_abbrev  0x000006db      0x1f9 gba_graphics.o
 .debug_abbrev  0x000008d4       0xd6 gba_input.o
 .debug_abbrev  0x000009aa       0xc2 gba_math.o
 .debug_abbrev  0x00000a6c       0xe6 gba_mathUtility.o
 .debug_abbrev  0x00000b52       0xdb gba_timers.o
 .debug_abbrev  0x00000c2d       0x43 koopa.o
 .debug_abbrev  0x00000c70       0x4c mario.o
 .debug_abbrev  0x00000cbc       0x43 particles.o
 .debug_abbrev  0x00000cff       0x43 sinlut.o
 .debug_abbrev  0x00000d42       0x43 smoke.o
 .debug_abbrev  0x00000d85       0x5d splash.o
 .debug_abbrev  0x00000de2       0x4c text.o
 .debug_abbrev  0x00000e2e       0x5d titleSplash.o

.debug_line     0x00000000     0x2008
 *(.debug_line)
 .debug_line    0x00000000      0xe42 main.o
 .debug_line    0x00000e42       0x8c backgroundSprites.o
 .debug_line    0x00000ece       0x7f coin.o
 .debug_line    0x00000f4d      0x1da gba_directMemoryAccess.o
 .debug_line    0x00001127      0x210 gba_drawing.o
 .debug_line    0x00001337      0x22b gba_graphics.o
 .debug_line    0x00001562      0x1a3 gba_input.o
 .debug_line    0x00001705      0x1bf gba_math.o
 .debug_line    0x000018c4      0x19a gba_mathUtility.o
 .debug_line    0x00001a5e      0x19f gba_timers.o
 .debug_line    0x00001bfd       0x80 koopa.o
 .debug_line    0x00001c7d       0x80 mario.o
 .debug_line    0x00001cfd       0x84 particles.o
 .debug_line    0x00001d81       0x81 sinlut.o
 .debug_line    0x00001e02       0x80 smoke.o
 .debug_line    0x00001e82       0x81 splash.o
 .debug_line    0x00001f03       0x7f text.o
 .debug_line    0x00001f82       0x86 titleSplash.o

.debug_frame    0x00000000      0x6f4
 *(.debug_frame)
 .debug_frame   0x00000000      0x1d4 main.o
 .debug_frame   0x000001d4       0x74 gba_directMemoryAccess.o
 .debug_frame   0x00000248       0x6c gba_drawing.o
 .debug_frame   0x000002b4      0x19c gba_graphics.o
 .debug_frame   0x00000450       0xb0 gba_input.o
 .debug_frame   0x00000500       0xe8 gba_math.o
 .debug_frame   0x000005e8       0x78 gba_mathUtility.o
 .debug_frame   0x00000660       0x94 gba_timers.o

.debug_str      0x00000000     0x21a1
 *(.debug_str)
 .debug_str     0x00000000     0x14c1 main.o
                               0x15b7 (size before relaxing)
 .debug_str     0x000014c1       0xdb backgroundSprites.o
                                0x123 (size before relaxing)
 .debug_str     0x0000159c       0x5f coin.o
                                 0xfc (size before relaxing)
 .debug_str     0x000015fb      0x109 gba_directMemoryAccess.o
                                0x24e (size before relaxing)
 .debug_str     0x00001704      0x157 gba_drawing.o
                                0x2a9 (size before relaxing)
 .debug_str     0x0000185b      0x2f7 gba_graphics.o
                                0x61e (size before relaxing)
 .debug_str     0x00001b52       0xca gba_input.o
                                0x23a (size before relaxing)
 .debug_str     0x00001c1c       0xf7 gba_math.o
                                0x281 (size before relaxing)
 .debug_str     0x00001d13       0xc7 gba_mathUtility.o
                                0x21e (size before relaxing)
 .debug_str     0x00001dda       0xa0 gba_timers.o
                                0x1e2 (size before relaxing)
 .debug_str     0x00001e7a       0x60 koopa.o
                                 0xff (size before relaxing)
 .debug_str     0x00001eda       0x60 mario.o
                                0x108 (size before relaxing)
 .debug_str     0x00001f3a       0x80 particles.o
                                0x10b (size before relaxing)
 .debug_str     0x00001fba       0x61 sinlut.o
                                 0xeb (size before relaxing)
 .debug_str     0x0000201b       0x60 smoke.o
                                 0xff (size before relaxing)
 .debug_str     0x0000207b       0x61 splash.o
                                0x103 (size before relaxing)
 .debug_str     0x000020dc       0x5f text.o
                                0x10d (size before relaxing)
 .debug_str     0x0000213b       0x66 titleSplash.o
                                0x111 (size before relaxing)

.debug_loc      0x00000000     0x4d5f
 *(.debug_loc)
 .debug_loc     0x00000000     0x3782 main.o
 .debug_loc     0x00003782      0x23f gba_directMemoryAccess.o
 .debug_loc     0x000039c1      0x510 gba_drawing.o
 .debug_loc     0x00003ed1      0xafd gba_graphics.o
 .debug_loc     0x000049ce      0x119 gba_input.o
 .debug_loc     0x00004ae7      0x1af gba_math.o
 .debug_loc     0x00004c96       0xa6 gba_mathUtility.o
 .debug_loc     0x00004d3c       0x23 gba_timers.o

.debug_macinfo
 *(.debug_macinfo)

.debug_weaknames
 *(.debug_weaknames)

.debug_funcnames
 *(.debug_funcnames)

.debug_typenames
 *(.debug_typenames)

.debug_varnames
 *(.debug_varnames)

.stack          0x00080000        0x0
                0x00080000                _stack = .
 *(.stack)

.note.gnu.arm.ident
 *(.note.gnu.arm.ident)

.ARM.attributes
                0x00000000       0x2b
 *(.ARM.attributes)
 .ARM.attributes
                0x00000000       0x16 c:/devkitpro/devkitarm/bin/../lib/gcc/arm-none-eabi/5.3.0/../../../../arm-none-eabi/lib/thumb/gba_crt0.o
 .ARM.attributes
                0x00000016       0x16 c:/devkitpro/devkitarm/bin/../lib/gcc/arm-none-eabi/5.3.0/thumb/crti.o
 .ARM.attributes
                0x0000002c       0x30 c:/devkitpro/devkitarm/bin/../lib/gcc/arm-none-eabi/5.3.0/thumb/crtbegin.o
 .ARM.attributes
                0x0000005c       0x2c main.o
 .ARM.attributes
                0x00000088       0x2c backgroundSprites.o
 .ARM.attributes
                0x000000b4       0x2c coin.o
 .ARM.attributes
                0x000000e0       0x2c gba_directMemoryAccess.o
 .ARM.attributes
                0x0000010c       0x2c gba_drawing.o
 .ARM.attributes
                0x00000138       0x2c gba_graphics.o
 .ARM.attributes
                0x00000164       0x2c gba_input.o
 .ARM.attributes
                0x00000190       0x2c gba_math.o
 .ARM.attributes
                0x000001bc       0x2c gba_mathUtility.o
 .ARM.attributes
                0x000001e8       0x2c gba_timers.o
 .ARM.attributes
                0x00000214       0x2c koopa.o
 .ARM.attributes
                0x00000240       0x2c mario.o
 .ARM.attributes
                0x0000026c       0x2c particles.o
 .ARM.attributes
                0x00000298       0x2c sinlut.o
 .ARM.attributes
                0x000002c4       0x2c smoke.o
 .ARM.attributes
                0x000002f0       0x2c splash.o
 .ARM.attributes
                0x0000031c       0x2c text.o
 .ARM.attributes
                0x00000348       0x2c titleSplash.o
 .ARM.attributes
                0x00000374       0x18 c:/devkitpro/devkitarm/bin/../lib/gcc/arm-none-eabi/5.3.0/thumb\libgcc.a(_udivsi3.o)
 .ARM.attributes
                0x0000038c       0x18 c:/devkitpro/devkitarm/bin/../lib/gcc/arm-none-eabi/5.3.0/thumb\libgcc.a(_divsi3.o)
 .ARM.attributes
                0x000003a4       0x16 c:/devkitpro/devkitarm/bin/../lib/gcc/arm-none-eabi/5.3.0/thumb\libgcc.a(_dvmd_tls.o)
 .ARM.attributes
                0x000003ba       0x18 c:/devkitpro/devkitarm/bin/../lib/gcc/arm-none-eabi/5.3.0/thumb\libgcc.a(_arm_addsubsf3.o)
 .ARM.attributes
                0x000003d2       0x18 c:/devkitpro/devkitarm/bin/../lib/gcc/arm-none-eabi/5.3.0/thumb\libgcc.a(_arm_muldivsf3.o)
 .ARM.attributes
                0x000003ea       0x18 c:/devkitpro/devkitarm/bin/../lib/gcc/arm-none-eabi/5.3.0/thumb\libgcc.a(_arm_fixsfsi.o)
 .ARM.attributes
                0x00000402       0x30 c:/devkitpro/devkitarm/bin/../lib/gcc/arm-none-eabi/5.3.0/../../../../arm-none-eabi/lib/thumb\libg.a(lib_a-init.o)
 .ARM.attributes
                0x00000432       0x30 c:/devkitpro/devkitarm/bin/../lib/gcc/arm-none-eabi/5.3.0/../../../../arm-none-eabi/lib/thumb\libg.a(lib_a-memcpy.o)
 .ARM.attributes
                0x00000462       0x30 c:/devkitpro/devkitarm/bin/../lib/gcc/arm-none-eabi/5.3.0/../../../../arm-none-eabi/lib/thumb\libsysbase.a(malloc_vars.o)
 .ARM.attributes
                0x00000492       0x30 c:/devkitpro/devkitarm/bin/../lib/gcc/arm-none-eabi/5.3.0/thumb/crtend.o
 .ARM.attributes
                0x000004c2       0x16 c:/devkitpro/devkitarm/bin/../lib/gcc/arm-none-eabi/5.3.0/thumb/crtn.o

/DISCARD/
 *(.note.GNU-stack)
LOAD c:/devkitpro/devkitarm/bin/../lib/gcc/arm-none-eabi/5.3.0/../../../../arm-none-eabi/lib/thumb/gba_crt0.o
LOAD c:/devkitpro/devkitarm/bin/../lib/gcc/arm-none-eabi/5.3.0/thumb/crti.o
LOAD c:/devkitpro/devkitarm/bin/../lib/gcc/arm-none-eabi/5.3.0/thumb/crtbegin.o
LOAD main.o
LOAD backgroundSprites.o
LOAD coin.o
LOAD gba_directMemoryAccess.o
LOAD gba_drawing.o
LOAD gba_graphics.o
LOAD gba_input.o
LOAD gba_math.o
LOAD gba_mathUtility.o
LOAD gba_timers.o
LOAD koopa.o
LOAD mario.o
LOAD particles.o
LOAD sinlut.o
LOAD smoke.o
LOAD splash.o
LOAD text.o
LOAD titleSplash.o
LOAD c:/devkitPro/libgba/lib\libmm.a
LOAD c:/devkitPro/libgba/lib\libgba.a
LOAD c:/devkitpro/devkitarm/bin/../lib/gcc/arm-none-eabi/5.3.0/../../../../arm-none-eabi/lib/thumb\libstdc++.a
LOAD c:/devkitpro/devkitarm/bin/../lib/gcc/arm-none-eabi/5.3.0/../../../../arm-none-eabi/lib/thumb\libm.a
START GROUP
LOAD c:/devkitpro/devkitarm/bin/../lib/gcc/arm-none-eabi/5.3.0/thumb\libgcc.a
LOAD c:/devkitpro/devkitarm/bin/../lib/gcc/arm-none-eabi/5.3.0/../../../../arm-none-eabi/lib/thumb\libg.a
LOAD c:/devkitpro/devkitarm/bin/../lib/gcc/arm-none-eabi/5.3.0/../../../../arm-none-eabi/lib/thumb\libc.a
LOAD c:/devkitpro/devkitarm/bin/../lib/gcc/arm-none-eabi/5.3.0/../../../../arm-none-eabi/lib/thumb\libsysbase.a
END GROUP
LOAD c:/devkitpro/devkitarm/bin/../lib/gcc/arm-none-eabi/5.3.0/thumb/crtend.o
LOAD c:/devkitpro/devkitarm/bin/../lib/gcc/arm-none-eabi/5.3.0/thumb/crtn.o
OUTPUT(d:/Documents/CodingWork/Year2/CT5036ProgrammingLowLevelArchitecture/KoopaRevenge/KoopaRevenge.elf elf32-littlearm)

.debug_ranges   0x00000000      0x840
 .debug_ranges  0x00000000      0x7c8 main.o
 .debug_ranges  0x000007c8       0x30 gba_directMemoryAccess.o
 .debug_ranges  0x000007f8       0x20 gba_graphics.o
 .debug_ranges  0x00000818       0x18 gba_mathUtility.o
 .debug_ranges  0x00000830       0x10 gba_timers.o
